2026-05-13 09:18:23.022 | INFO     | server:lifespan:41 - SCU-FastAPI Starting...
2026-05-13 09:18:23.032 | INFO     | server:lifespan:51 - SCU-FastAPI Started successfully
2026-05-13 09:18:30.174 | INFO     | server:lifespan:41 - SCU-FastAPI Starting...
2026-05-13 09:18:30.183 | INFO     | server:lifespan:51 - SCU-FastAPI Started successfully
2026-05-13 09:19:43.768 | INFO     | server:lifespan:41 - SCU-FastAPI Starting...
2026-05-13 09:19:43.775 | INFO     | server:lifespan:51 - SCU-FastAPI Started successfully
2026-05-13 09:20:00.022 | INFO     | server:lifespan:41 - SCU-FastAPI Starting...
2026-05-13 09:20:00.048 | INFO     | server:lifespan:51 - SCU-FastAPI Started successfully
2026-05-13 09:23:45.650 | INFO     | module_admin.controller.login_controller:login:58 - 登录成功
2026-05-13 09:23:45.886 | INFO     | module_admin.controller.login_controller:get_login_user_info:71 - 获取成功
2026-05-13 09:23:46.038 | INFO     | module_admin.controller.login_controller:get_login_user_routers:83 - 获取成功
2026-05-13 09:23:47.620 | INFO     | module_device.controller.topology_controller:get_topology_list:20 - 获取拓扑结构列表成功
2026-05-13 09:23:50.607 | INFO     | module_device.controller.topology_controller:get_topology_list:20 - 获取拓扑结构列表成功
2026-05-13 09:24:09.233 | INFO     | module_device.controller.topology_controller:get_topology_list:20 - 获取拓扑结构列表成功
2026-05-13 09:24:09.516 | INFO     | module_admin.controller.login_controller:get_login_user_info:71 - 获取成功
2026-05-13 09:24:09.728 | INFO     | module_admin.controller.login_controller:get_login_user_routers:83 - 获取成功
2026-05-13 09:24:10.043 | INFO     | module_device.controller.topology_controller:get_topology_list:20 - 获取拓扑结构列表成功
2026-05-13 09:28:57.793 | INFO     | module_admin.controller.login_controller:get_login_user_info:71 - 获取成功
2026-05-13 09:28:58.032 | INFO     | module_admin.controller.login_controller:get_login_user_routers:83 - 获取成功
2026-05-13 09:28:59.603 | INFO     | module_device.controller.topology_controller:get_topology_list:20 - 获取拓扑结构列表成功
2026-05-13 09:31:34.828 | INFO     | module_device.controller.topology_controller:get_topology_list:20 - 获取拓扑结构列表成功
2026-05-13 09:55:54.032 | INFO     | module_device.controller.device_controller:get_device_list:34 - 获取成功
2026-05-13 09:55:58.940 | INFO     | module_device.controller.template_controller:get_template_list:38 - 获取成功
2026-05-13 10:02:05.741 | INFO     | module_device.controller.device_controller:get_device_list:34 - 获取成功
2026-05-13 10:02:11.850 | INFO     | module_device.controller.template_controller:get_template_list:38 - 获取成功
2026-05-13 10:06:28.780 | INFO     | module_admin.controller.login_controller:get_login_user_info:71 - 获取成功
2026-05-13 10:06:28.968 | INFO     | module_admin.controller.login_controller:get_login_user_routers:83 - 获取成功
2026-05-13 10:06:30.817 | INFO     | module_device.controller.template_controller:get_template_list:38 - 获取成功
2026-05-13 10:07:01.932 | INFO     | module_device.controller.template_controller:add_system_template:75 - Added successfully
2026-05-13 10:07:02.046 | INFO     | module_device.controller.template_controller:get_template_list:38 - 获取成功
2026-05-13 10:07:28.502 | INFO     | module_device.controller.template_controller:batch_import_point:135 - Import successful
2026-05-13 10:11:11.657 | INFO     | module_device.controller.template_controller:add_system_template:75 - Added successfully
2026-05-13 10:11:11.754 | INFO     | module_device.controller.template_controller:get_template_list:38 - 获取成功
2026-05-13 10:11:45.330 | INFO     | module_device.controller.template_controller:batch_import_point:135 - Import successful
2026-05-13 10:15:45.444 | INFO     | module_device.controller.template_controller:get_template_all:59 - 获取成功
2026-05-13 10:15:46.136 | INFO     | module_device.controller.template_controller:get_template_all:59 - 获取成功
2026-05-13 10:20:22.000 | INFO     | module_admin.controller.login_controller:get_login_user_info:71 - 获取成功
2026-05-13 10:20:22.532 | INFO     | module_admin.controller.login_controller:get_login_user_routers:83 - 获取成功
2026-05-13 10:20:23.293 | INFO     | module_device.controller.topology_controller:get_topology_list:20 - 获取拓扑结构列表成功
2026-05-13 10:20:26.275 | INFO     | module_device.controller.template_controller:get_template_list:38 - 获取成功
2026-05-13 10:20:28.827 | INFO     | module_device.controller.device_controller:get_device_list:34 - 获取成功
2026-05-13 10:20:58.675 | INFO     | module_device.controller.template_controller:get_template_all:59 - 获取成功
2026-05-13 10:21:01.681 | INFO     | module_device.controller.template_controller:get_template_all:59 - 获取成功
2026-05-13 10:21:16.802 | INFO     | module_device.controller.template_controller:get_template_list:38 - 获取成功
2026-05-13 10:23:20.207 | INFO     | module_device.controller.device_controller:get_device_list:34 - 获取成功
2026-05-13 10:27:14.308 | INFO     | module_admin.controller.login_controller:get_login_user_info:71 - 获取成功
2026-05-13 10:27:14.476 | INFO     | module_admin.controller.login_controller:get_login_user_routers:83 - 获取成功
2026-05-13 10:27:15.937 | INFO     | module_device.controller.device_controller:get_device_list:34 - 获取成功
2026-05-13 10:27:25.359 | INFO     | module_device.controller.template_controller:get_template_all:59 - 获取成功
2026-05-13 10:27:31.211 | INFO     | module_device.controller.template_controller:get_template_all:59 - 获取成功
2026-05-13 10:45:22.163 | INFO     | module_device.controller.template_controller:get_template_all:59 - 获取成功
2026-05-13 10:49:55.434 | INFO     | module_device.controller.template_controller:get_template_all:59 - 获取成功
2026-05-13 11:02:33.632 | INFO     | module_device.controller.topology_controller:get_topology_list:20 - 获取拓扑结构列表成功
2026-05-13 11:02:35.473 | INFO     | module_device.controller.topology_controller:get_topology_list:20 - 获取拓扑结构列表成功
2026-05-13 11:02:37.470 | INFO     | module_device.controller.device_controller:get_device_list:34 - 获取成功
2026-05-13 11:06:44.495 | INFO     | module_admin.controller.login_controller:get_login_user_info:71 - 获取成功
2026-05-13 11:06:44.727 | INFO     | module_admin.controller.login_controller:get_login_user_routers:83 - 获取成功
2026-05-13 11:06:46.163 | INFO     | module_device.controller.device_controller:get_device_list:34 - 获取成功
2026-05-13 11:07:05.718 | INFO     | module_device.controller.template_controller:get_template_all:59 - 获取成功
2026-05-13 11:07:11.794 | INFO     | module_device.controller.device_controller:add_system_device:66 - Added successfully, device code: 1
2026-05-13 11:07:11.915 | INFO     | module_device.controller.device_controller:get_device_list:34 - 获取成功
2026-05-13 11:07:15.419 | INFO     | module_device.controller.topology_controller:get_topology_list:20 - 获取拓扑结构列表成功
2026-05-13 11:07:17.924 | INFO     | module_device.controller.device_controller:get_device_list:34 - 获取成功
2026-05-13 11:07:19.761 | INFO     | module_device.controller.template_controller:get_template_all:59 - 获取成功
2026-05-13 11:07:48.369 | INFO     | module_device.controller.device_controller:get_device_list:34 - 获取成功
2026-05-13 11:07:48.440 | INFO     | module_device.controller.topology_controller:get_topology_list:20 - 获取拓扑结构列表成功
2026-05-13 11:07:54.855 | INFO     | module_device.controller.device_controller:get_device_list:34 - 获取成功
2026-05-13 11:08:02.018 | INFO     | module_device.controller.topology_controller:add_topology:33 - Added successfully
2026-05-13 11:08:02.106 | INFO     | module_device.controller.device_controller:get_device_list:34 - 获取成功
2026-05-13 11:08:02.186 | INFO     | module_device.controller.topology_controller:get_topology_list:20 - 获取拓扑结构列表成功
2026-05-13 11:08:08.905 | INFO     | module_device.controller.topology_controller:get_topology_list:20 - 获取拓扑结构列表成功
2026-05-13 11:08:11.445 | INFO     | module_device.controller.topology_controller:get_topology_list:20 - 获取拓扑结构列表成功
2026-05-13 11:08:22.048 | INFO     | module_device.controller.topology_controller:get_topology_list:20 - 获取拓扑结构列表成功
2026-05-13 11:08:28.785 | INFO     | module_admin.controller.login_controller:get_login_user_info:71 - 获取成功
2026-05-13 11:08:28.920 | INFO     | module_admin.controller.login_controller:get_login_user_routers:83 - 获取成功
2026-05-13 11:08:29.587 | INFO     | module_device.controller.topology_controller:get_topology_list:20 - 获取拓扑结构列表成功
2026-05-13 11:14:52.616 | INFO     | module_admin.controller.login_controller:get_login_user_info:71 - 获取成功
2026-05-13 11:14:52.757 | INFO     | module_admin.controller.login_controller:get_login_user_routers:83 - 获取成功
2026-05-13 11:14:53.589 | INFO     | module_device.controller.topology_controller:get_topology_list:20 - 获取拓扑结构列表成功
2026-05-13 11:15:22.489 | INFO     | module_device.controller.topology_controller:get_topology_list:20 - 获取拓扑结构列表成功
2026-05-13 11:16:38.395 | INFO     | module_device.controller.topology_controller:get_topology_list:20 - 获取拓扑结构列表成功
2026-05-13 11:18:52.372 | INFO     | module_admin.controller.login_controller:get_login_user_info:71 - 获取成功
2026-05-13 11:18:52.525 | INFO     | module_admin.controller.login_controller:get_login_user_routers:83 - 获取成功
2026-05-13 11:18:54.498 | INFO     | module_device.controller.topology_controller:get_topology_list:20 - 获取拓扑结构列表成功
2026-05-13 11:18:56.820 | INFO     | module_device.controller.topology_controller:get_topology_list:20 - 获取拓扑结构列表成功
2026-05-13 11:18:58.939 | INFO     | module_device.controller.topology_controller:get_topology_list:20 - 获取拓扑结构列表成功
2026-05-13 11:26:58.055 | INFO     | module_admin.controller.login_controller:get_login_user_info:71 - 获取成功
2026-05-13 11:26:58.210 | INFO     | module_admin.controller.login_controller:get_login_user_routers:83 - 获取成功
2026-05-13 11:26:59.843 | INFO     | module_device.controller.topology_controller:get_topology_list:20 - 获取拓扑结构列表成功
2026-05-13 11:34:34.996 | INFO     | module_admin.controller.login_controller:get_login_user_info:71 - 获取成功
2026-05-13 11:34:35.131 | INFO     | module_admin.controller.login_controller:get_login_user_routers:83 - 获取成功
2026-05-13 11:34:37.795 | INFO     | module_device.controller.topology_controller:get_topology_list:20 - 获取拓扑结构列表成功
2026-05-13 11:59:45.653 | INFO     | module_admin.controller.login_controller:get_login_user_info:71 - 获取成功
2026-05-13 11:59:45.852 | INFO     | module_admin.controller.login_controller:get_login_user_routers:83 - 获取成功
2026-05-13 11:59:46.529 | INFO     | module_device.controller.topology_controller:get_topology_list:20 - 获取拓扑结构列表成功
2026-05-13 12:09:48.243 | INFO     | module_device.controller.topology_controller:get_topology_list:20 - 获取拓扑结构列表成功
2026-05-13 12:10:10.890 | INFO     | module_device.controller.topology_controller:get_topology_list:20 - 获取拓扑结构列表成功
2026-05-13 12:10:15.164 | INFO     | module_device.controller.topology_controller:get_topology_list:20 - 获取拓扑结构列表成功
2026-05-13 12:11:07.163 | INFO     | module_admin.controller.login_controller:get_login_user_info:71 - 获取成功
2026-05-13 12:11:07.299 | INFO     | module_admin.controller.login_controller:get_login_user_routers:83 - 获取成功
2026-05-13 12:11:08.684 | INFO     | module_device.controller.topology_controller:get_topology_list:20 - 获取拓扑结构列表成功
2026-05-13 12:11:24.898 | INFO     | module_admin.controller.login_controller:get_login_user_info:71 - 获取成功
2026-05-13 12:11:25.040 | INFO     | module_admin.controller.login_controller:get_login_user_routers:83 - 获取成功
2026-05-13 12:11:25.642 | INFO     | module_device.controller.topology_controller:get_topology_list:20 - 获取拓扑结构列表成功
2026-05-13 12:13:24.293 | INFO     | module_admin.controller.login_controller:get_login_user_info:71 - 获取成功
2026-05-13 12:13:24.500 | INFO     | module_admin.controller.login_controller:get_login_user_routers:83 - 获取成功
2026-05-13 12:13:25.211 | INFO     | module_device.controller.topology_controller:get_topology_list:20 - 获取拓扑结构列表成功
2026-05-13 13:07:56.409 | INFO     | module_admin.controller.login_controller:get_login_user_info:71 - 获取成功
2026-05-13 13:07:56.645 | INFO     | module_admin.controller.login_controller:get_login_user_routers:83 - 获取成功
2026-05-13 13:07:58.032 | INFO     | module_device.controller.topology_controller:get_topology_list:20 - 获取拓扑结构列表成功
2026-05-13 13:12:07.188 | INFO     | module_device.controller.topology_controller:get_topology_list:20 - 获取拓扑结构列表成功
2026-05-13 13:12:54.713 | INFO     | module_device.controller.topology_controller:get_topology_list:20 - 获取拓扑结构列表成功
2026-05-13 13:15:29.389 | INFO     | module_admin.controller.login_controller:get_login_user_info:71 - 获取成功
2026-05-13 13:15:29.550 | INFO     | module_admin.controller.login_controller:get_login_user_routers:83 - 获取成功
2026-05-13 13:15:31.169 | INFO     | module_device.controller.topology_controller:get_topology_list:20 - 获取拓扑结构列表成功
2026-05-13 13:22:09.176 | INFO     | module_admin.controller.login_controller:get_login_user_info:71 - 获取成功
2026-05-13 13:22:09.342 | INFO     | module_admin.controller.login_controller:get_login_user_routers:83 - 获取成功
2026-05-13 13:22:11.245 | INFO     | module_device.controller.topology_controller:get_topology_list:20 - 获取拓扑结构列表成功
2026-05-13 13:32:51.098 | INFO     | module_device.controller.topology_controller:get_topology_list:20 - 获取拓扑结构列表成功
2026-05-13 13:33:14.478 | INFO     | module_device.controller.topology_controller:get_topology_list:20 - 获取拓扑结构列表成功
2026-05-13 13:33:34.991 | INFO     | module_admin.controller.login_controller:get_login_user_info:71 - 获取成功
2026-05-13 13:33:35.151 | INFO     | module_admin.controller.login_controller:get_login_user_routers:83 - 获取成功
2026-05-13 13:33:37.224 | INFO     | module_device.controller.topology_controller:get_topology_list:20 - 获取拓扑结构列表成功
2026-05-13 13:44:08.942 | INFO     | module_device.controller.topology_controller:get_topology_list:20 - 获取拓扑结构列表成功
2026-05-13 13:44:30.000 | INFO     | module_device.controller.topology_controller:get_topology_list:20 - 获取拓扑结构列表成功
2026-05-13 13:44:50.719 | INFO     | module_admin.controller.login_controller:get_login_user_info:71 - 获取成功
2026-05-13 13:44:51.020 | INFO     | module_admin.controller.login_controller:get_login_user_routers:83 - 获取成功
2026-05-13 13:44:52.939 | INFO     | module_device.controller.topology_controller:get_topology_list:20 - 获取拓扑结构列表成功
2026-05-13 13:45:02.732 | INFO     | module_admin.controller.login_controller:get_login_user_info:71 - 获取成功
2026-05-13 13:45:02.887 | INFO     | module_admin.controller.login_controller:get_login_user_routers:83 - 获取成功
2026-05-13 13:45:03.510 | INFO     | module_device.controller.topology_controller:get_topology_list:20 - 获取拓扑结构列表成功
2026-05-13 13:45:16.694 | INFO     | module_admin.controller.login_controller:get_login_user_info:71 - 获取成功
2026-05-13 13:45:16.860 | INFO     | module_admin.controller.login_controller:get_login_user_routers:83 - 获取成功
2026-05-13 13:45:17.467 | INFO     | module_device.controller.topology_controller:get_topology_list:20 - 获取拓扑结构列表成功
2026-05-13 13:45:19.243 | INFO     | module_device.controller.topology_controller:get_topology_list:20 - 获取拓扑结构列表成功
2026-05-13 13:45:20.616 | INFO     | module_device.controller.topology_controller:get_topology_list:20 - 获取拓扑结构列表成功
2026-05-13 13:45:36.916 | INFO     | module_admin.controller.login_controller:get_login_user_info:71 - 获取成功
2026-05-13 13:45:37.080 | INFO     | module_admin.controller.login_controller:get_login_user_routers:83 - 获取成功
2026-05-13 13:45:37.648 | INFO     | module_device.controller.topology_controller:get_topology_list:20 - 获取拓扑结构列表成功
2026-05-13 13:48:19.274 | INFO     | module_device.controller.topology_controller:get_topology_list:20 - 获取拓扑结构列表成功
2026-05-13 13:49:35.571 | INFO     | module_admin.controller.login_controller:get_login_user_info:71 - 获取成功
2026-05-13 13:49:35.717 | INFO     | module_admin.controller.login_controller:get_login_user_routers:83 - 获取成功
2026-05-13 13:49:37.559 | INFO     | module_device.controller.topology_controller:get_topology_list:20 - 获取拓扑结构列表成功
2026-05-13 13:49:46.132 | INFO     | module_admin.controller.login_controller:get_login_user_info:71 - 获取成功
2026-05-13 13:49:46.276 | INFO     | module_admin.controller.login_controller:get_login_user_routers:83 - 获取成功
2026-05-13 13:49:46.850 | INFO     | module_device.controller.topology_controller:get_topology_list:20 - 获取拓扑结构列表成功
2026-05-13 13:53:32.037 | INFO     | module_admin.controller.login_controller:get_login_user_info:71 - 获取成功
2026-05-13 13:53:32.241 | INFO     | module_admin.controller.login_controller:get_login_user_routers:83 - 获取成功
2026-05-13 13:53:33.798 | INFO     | module_device.controller.topology_controller:get_topology_list:20 - 获取拓扑结构列表成功
2026-05-13 13:53:41.327 | INFO     | module_device.controller.topology_controller:get_topology_list:20 - 获取拓扑结构列表成功
2026-05-13 13:53:44.307 | INFO     | module_device.controller.device_controller:get_device_list:34 - 获取成功
2026-05-13 13:53:45.806 | INFO     | module_device.controller.topology_controller:get_topology_list:20 - 获取拓扑结构列表成功
2026-05-13 13:53:51.192 | INFO     | module_device.controller.topology_controller:get_topology_list:20 - 获取拓扑结构列表成功
2026-05-13 13:53:56.261 | INFO     | module_device.controller.device_controller:get_device_list:34 - 获取成功
2026-05-13 13:53:57.775 | INFO     | module_device.controller.topology_controller:get_topology_list:20 - 获取拓扑结构列表成功
2026-05-13 13:54:44.380 | INFO     | module_device.controller.device_controller:get_device_list:34 - 获取成功
2026-05-13 13:59:11.246 | INFO     | module_admin.controller.login_controller:get_login_user_info:71 - 获取成功
2026-05-13 13:59:11.457 | INFO     | module_admin.controller.login_controller:get_login_user_routers:83 - 获取成功
2026-05-13 13:59:12.848 | INFO     | module_device.controller.device_controller:get_device_list:34 - 获取成功
2026-05-13 13:59:15.129 | INFO     | module_device.controller.topology_controller:get_topology_list:20 - 获取拓扑结构列表成功
2026-05-13 13:59:29.131 | INFO     | module_device.controller.device_controller:get_device_list:34 - 获取成功
2026-05-13 14:13:06.999 | INFO     | server:lifespan:41 - SCU-FastAPI Starting...
2026-05-13 14:13:07.011 | INFO     | server:lifespan:51 - SCU-FastAPI Started successfully
2026-05-13 14:13:17.146 | INFO     | server:lifespan:41 - SCU-FastAPI Starting...
2026-05-13 14:13:17.153 | INFO     | server:lifespan:51 - SCU-FastAPI Started successfully
2026-05-13 14:20:05.563 | INFO     | module_admin.controller.login_controller:get_login_user_info:71 - 获取成功
2026-05-13 14:20:05.775 | INFO     | module_admin.controller.login_controller:get_login_user_info:71 - 获取成功
2026-05-13 14:20:05.884 | INFO     | module_admin.controller.login_controller:get_login_user_routers:83 - 获取成功
2026-05-13 14:20:06.450 | INFO     | module_admin.controller.login_controller:get_login_user_routers:83 - 获取成功
2026-05-13 14:20:07.646 | INFO     | module_device.controller.topology_controller:get_topology_list:20 - 获取拓扑结构列表成功
2026-05-13 14:20:08.581 | INFO     | module_device.controller.topology_controller:get_topology_list:20 - 获取拓扑结构列表成功
2026-05-13 14:20:20.870 | INFO     | module_device.controller.topology_controller:get_topology_list:20 - 获取拓扑结构列表成功
2026-05-13 14:20:53.899 | INFO     | module_admin.controller.login_controller:get_login_user_info:71 - 获取成功
2026-05-13 14:20:54.231 | INFO     | module_admin.controller.login_controller:get_login_user_routers:83 - 获取成功
2026-05-13 14:20:54.898 | INFO     | module_device.controller.topology_controller:get_topology_list:20 - 获取拓扑结构列表成功
2026-05-13 14:20:57.293 | INFO     | module_device.controller.topology_controller:get_topology_list:20 - 获取拓扑结构列表成功
2026-05-13 14:29:31.404 | INFO     | module_device.controller.topology_controller:get_topology_list:20 - 获取拓扑结构列表成功
2026-05-13 14:29:32.157 | INFO     | module_device.controller.topology_controller:get_topology_list:20 - 获取拓扑结构列表成功
2026-05-13 14:30:22.209 | INFO     | module_device.controller.topology_controller:get_topology_list:20 - 获取拓扑结构列表成功
2026-05-13 14:30:28.538 | INFO     | module_admin.controller.login_controller:get_login_user_info:71 - 获取成功
2026-05-13 14:30:28.721 | INFO     | module_admin.controller.login_controller:get_login_user_routers:83 - 获取成功
2026-05-13 14:30:30.828 | INFO     | module_device.controller.topology_controller:get_topology_list:20 - 获取拓扑结构列表成功
2026-05-13 14:43:01.337 | INFO     | module_admin.controller.login_controller:get_login_user_info:71 - 获取成功
2026-05-13 14:43:01.553 | INFO     | module_admin.controller.login_controller:get_login_user_routers:83 - 获取成功
2026-05-13 14:43:03.545 | INFO     | module_device.controller.topology_controller:get_topology_list:20 - 获取拓扑结构列表成功
2026-05-13 14:43:15.045 | INFO     | module_admin.controller.login_controller:get_login_user_info:71 - 获取成功
2026-05-13 14:43:15.208 | INFO     | module_admin.controller.login_controller:get_login_user_routers:83 - 获取成功
2026-05-13 14:43:15.544 | INFO     | module_device.controller.topology_controller:get_topology_list:20 - 获取拓扑结构列表成功
2026-05-13 14:49:27.400 | INFO     | module_admin.controller.login_controller:get_login_user_info:71 - 获取成功
2026-05-13 14:49:27.524 | INFO     | module_admin.controller.login_controller:get_login_user_routers:83 - 获取成功
2026-05-13 14:49:29.125 | INFO     | module_device.controller.topology_controller:get_topology_list:20 - 获取拓扑结构列表成功
2026-05-13 14:50:26.833 | INFO     | module_device.controller.topology_controller:get_topology_list:20 - 获取拓扑结构列表成功
2026-05-13 14:50:26.890 | INFO     | module_admin.controller.login_controller:get_login_user_info:71 - 获取成功
2026-05-13 14:50:26.991 | INFO     | module_admin.controller.login_controller:get_login_user_routers:83 - 获取成功
2026-05-13 14:50:27.288 | INFO     | module_device.controller.topology_controller:get_topology_list:20 - 获取拓扑结构列表成功
2026-05-13 14:50:47.057 | INFO     | module_device.controller.topology_controller:get_topology_list:20 - 获取拓扑结构列表成功
2026-05-13 14:50:47.283 | INFO     | module_admin.controller.login_controller:get_login_user_info:71 - 获取成功
2026-05-13 14:50:47.452 | INFO     | module_admin.controller.login_controller:get_login_user_routers:83 - 获取成功
2026-05-13 14:50:47.778 | INFO     | module_device.controller.topology_controller:get_topology_list:20 - 获取拓扑结构列表成功
2026-05-13 14:50:57.916 | INFO     | module_device.controller.device_controller:get_device_list:34 - 获取成功
2026-05-13 14:51:18.922 | INFO     | module_device.controller.template_controller:get_template_list:38 - 获取成功
2026-05-13 14:51:20.167 | INFO     | module_device.controller.device_controller:get_device_list:34 - 获取成功
2026-05-13 14:51:20.238 | INFO     | module_device.controller.topology_controller:get_topology_list:20 - 获取拓扑结构列表成功
2026-05-13 14:51:32.165 | INFO     | module_device.controller.device_controller:get_device_list:34 - 获取成功
2026-05-13 14:51:42.835 | INFO     | module_device.controller.device_controller:get_device_list:34 - 获取成功
2026-05-13 14:51:42.914 | INFO     | module_device.controller.topology_controller:get_topology_list:20 - 获取拓扑结构列表成功
2026-05-13 14:52:03.172 | INFO     | module_device.controller.device_controller:get_device_list:34 - 获取成功
2026-05-13 14:52:05.026 | INFO     | module_device.controller.device_controller:get_device_list:34 - 获取成功
2026-05-13 14:52:05.135 | INFO     | module_device.controller.topology_controller:get_topology_list:20 - 获取拓扑结构列表成功
2026-05-13 14:53:04.614 | INFO     | module_device.controller.device_controller:get_device_list:34 - 获取成功
2026-05-13 14:53:14.024 | INFO     | module_device.controller.topology_controller:get_topology_list:20 - 获取拓扑结构列表成功
2026-05-13 14:54:01.212 | INFO     | module_device.controller.template_controller:get_template_list:38 - 获取成功
2026-05-13 14:54:04.498 | INFO     | module_device.controller.device_controller:get_device_list:34 - 获取成功
2026-05-13 14:54:04.572 | INFO     | module_device.controller.topology_controller:get_topology_list:20 - 获取拓扑结构列表成功
2026-05-13 14:54:05.949 | INFO     | module_device.controller.device_controller:get_device_list:34 - 获取成功
2026-05-13 14:54:12.293 | INFO     | module_device.controller.device_controller:get_device_list:34 - 获取成功
2026-05-13 14:54:12.367 | INFO     | module_device.controller.topology_controller:get_topology_list:20 - 获取拓扑结构列表成功
2026-05-13 14:54:14.699 | INFO     | module_device.controller.device_controller:get_device_list:34 - 获取成功
2026-05-13 14:54:20.450 | INFO     | module_device.controller.device_controller:get_device_list:34 - 获取成功
2026-05-13 14:57:52.719 | INFO     | module_device.controller.topology_controller:get_topology_list:20 - 获取拓扑结构列表成功
2026-05-13 14:57:59.031 | INFO     | module_device.controller.device_controller:get_device_list:34 - 获取成功
2026-05-13 15:01:29.130 | INFO     | server:lifespan:41 - SCU-FastAPI Starting...
2026-05-13 15:01:29.139 | INFO     | server:lifespan:51 - SCU-FastAPI Started successfully
2026-05-13 15:01:29.647 | INFO     | server:lifespan:41 - SCU-FastAPI Starting...
2026-05-13 15:01:29.653 | INFO     | server:lifespan:51 - SCU-FastAPI Started successfully
2026-05-13 15:02:29.960 | INFO     | module_admin.controller.login_controller:get_login_user_info:71 - 获取成功
2026-05-13 15:02:30.090 | INFO     | module_admin.controller.login_controller:get_login_user_routers:83 - 获取成功
2026-05-13 15:02:30.537 | INFO     | module_device.controller.device_controller:get_device_list:34 - 获取成功
2026-05-13 15:02:32.900 | INFO     | module_device.controller.topology_controller:get_topology_list:20 - 获取拓扑结构列表成功
2026-05-13 15:02:35.681 | INFO     | module_device.controller.topology_controller:get_topology_list:20 - 获取拓扑结构列表成功
2026-05-13 15:02:38.335 | INFO     | module_device.controller.device_controller:get_device_list:34 - 获取成功
2026-05-13 15:02:40.034 | INFO     | module_device.controller.device_controller:get_device_list:34 - 获取成功
2026-05-13 15:02:40.112 | INFO     | module_device.controller.topology_controller:get_topology_list:20 - 获取拓扑结构列表成功
2026-05-13 15:02:48.545 | INFO     | module_device.controller.topology_controller:get_topology_list:20 - 获取拓扑结构列表成功
2026-05-13 15:03:17.085 | INFO     | module_device.controller.device_controller:get_device_list:34 - 获取成功
2026-05-13 15:03:30.174 | INFO     | module_device.controller.template_controller:get_template_all:59 - 获取成功
2026-05-13 15:03:39.234 | INFO     | module_device.controller.topology_controller:get_topology_list:20 - 获取拓扑结构列表成功
2026-05-13 15:04:31.985 | INFO     | module_device.controller.device_controller:get_device_list:34 - 获取成功
2026-05-13 15:04:49.565 | INFO     | module_device.controller.template_controller:get_template_all:59 - 获取成功
2026-05-13 15:05:02.819 | INFO     | module_device.controller.device_controller:add_system_device:66 - Added successfully, device code: 1
2026-05-13 15:05:02.929 | INFO     | module_device.controller.device_controller:get_device_list:34 - 获取成功
2026-05-13 15:05:08.449 | INFO     | module_device.controller.template_controller:get_template_all:59 - 获取成功
2026-05-13 15:05:46.040 | INFO     | module_device.controller.template_controller:get_template_list:38 - 获取成功
2026-05-13 15:05:50.538 | INFO     | module_device.controller.device_controller:get_device_list:34 - 获取成功
2026-05-13 15:05:50.649 | INFO     | module_device.controller.topology_controller:get_topology_list:20 - 获取拓扑结构列表成功
2026-05-13 15:05:53.075 | INFO     | module_device.controller.template_controller:get_template_list:38 - 获取成功
2026-05-13 15:06:01.326 | INFO     | module_device.controller.device_controller:get_device_list:34 - 获取成功
2026-05-13 15:06:01.410 | INFO     | module_device.controller.topology_controller:get_topology_list:20 - 获取拓扑结构列表成功
2026-05-13 15:06:08.287 | INFO     | module_device.controller.topology_controller:get_topology_list:20 - 获取拓扑结构列表成功
2026-05-13 15:06:10.712 | INFO     | module_device.controller.topology_controller:get_topology_list:20 - 获取拓扑结构列表成功
2026-05-13 15:06:13.444 | INFO     | module_device.controller.device_controller:get_device_list:34 - 获取成功
2026-05-13 15:06:13.528 | INFO     | module_device.controller.topology_controller:get_topology_list:20 - 获取拓扑结构列表成功
2026-05-13 15:06:19.698 | INFO     | module_device.controller.device_controller:get_device_list:34 - 获取成功
2026-05-13 15:06:26.483 | INFO     | module_device.controller.topology_controller:add_topology:33 - Added successfully
2026-05-13 15:06:26.575 | INFO     | module_device.controller.device_controller:get_device_list:34 - 获取成功
2026-05-13 15:06:26.654 | INFO     | module_device.controller.topology_controller:get_topology_list:20 - 获取拓扑结构列表成功
2026-05-13 15:06:32.892 | INFO     | module_device.controller.topology_controller:get_topology_list:20 - 获取拓扑结构列表成功
2026-05-13 15:06:46.688 | INFO     | module_device.controller.topology_controller:get_topology_list:20 - 获取拓扑结构列表成功
2026-05-13 15:08:08.309 | INFO     | module_device.controller.topology_controller:get_topology_list:20 - 获取拓扑结构列表成功
2026-05-13 15:08:53.317 | INFO     | module_device.controller.topology_controller:get_topology_list:20 - 获取拓扑结构列表成功
2026-05-13 15:11:27.467 | INFO     | module_device.controller.topology_controller:get_topology_list:20 - 获取拓扑结构列表成功
2026-05-13 15:17:55.304 | INFO     | module_admin.controller.login_controller:get_login_user_info:71 - 获取成功
2026-05-13 15:17:55.477 | INFO     | module_admin.controller.login_controller:get_login_user_routers:83 - 获取成功
2026-05-13 15:17:57.286 | INFO     | module_device.controller.topology_controller:get_topology_list:20 - 获取拓扑结构列表成功
2026-05-13 15:17:59.555 | INFO     | module_device.controller.topology_controller:get_topology_list:20 - 获取拓扑结构列表成功
2026-05-13 15:18:12.084 | INFO     | module_device.controller.topology_controller:get_topology_list:20 - 获取拓扑结构列表成功
2026-05-13 15:18:53.456 | INFO     | module_admin.controller.login_controller:get_login_user_info:71 - 获取成功
2026-05-13 15:18:53.579 | INFO     | module_admin.controller.login_controller:get_login_user_routers:83 - 获取成功
2026-05-13 15:18:53.893 | INFO     | module_device.controller.topology_controller:get_topology_list:20 - 获取拓扑结构列表成功
2026-05-13 15:19:47.652 | INFO     | module_device.controller.topology_controller:get_topology_list:20 - 获取拓扑结构列表成功
2026-05-13 15:26:15.544 | INFO     | module_admin.controller.login_controller:get_login_user_info:71 - 获取成功
2026-05-13 15:26:15.733 | INFO     | module_admin.controller.login_controller:get_login_user_routers:83 - 获取成功
2026-05-13 15:26:17.586 | INFO     | module_device.controller.topology_controller:get_topology_list:20 - 获取拓扑结构列表成功
2026-05-13 15:26:19.435 | INFO     | module_device.controller.topology_controller:get_topology_list:20 - 获取拓扑结构列表成功
2026-05-13 15:28:43.027 | INFO     | module_admin.controller.login_controller:get_login_user_info:71 - 获取成功
2026-05-13 15:28:43.157 | INFO     | module_admin.controller.login_controller:get_login_user_routers:83 - 获取成功
2026-05-13 15:28:45.166 | INFO     | module_device.controller.topology_controller:get_topology_list:20 - 获取拓扑结构列表成功
2026-05-13 15:28:48.021 | INFO     | module_device.controller.topology_controller:get_topology_list:20 - 获取拓扑结构列表成功
2026-05-13 15:31:33.805 | INFO     | module_device.controller.topology_controller:get_topology_list:20 - 获取拓扑结构列表成功
2026-05-13 15:32:11.878 | INFO     | module_admin.controller.login_controller:get_login_user_info:71 - 获取成功
2026-05-13 15:32:12.072 | INFO     | module_admin.controller.login_controller:get_login_user_routers:83 - 获取成功
2026-05-13 15:32:13.760 | INFO     | module_device.controller.topology_controller:get_topology_list:20 - 获取拓扑结构列表成功
2026-05-13 15:36:22.692 | INFO     | module_device.controller.topology_controller:get_topology_list:20 - 获取拓扑结构列表成功
2026-05-13 15:36:24.523 | INFO     | module_device.controller.topology_controller:get_topology_list:20 - 获取拓扑结构列表成功
2026-05-13 15:37:03.437 | INFO     | module_device.controller.topology_controller:get_topology_list:20 - 获取拓扑结构列表成功
2026-05-13 15:41:52.890 | INFO     | module_admin.controller.login_controller:get_login_user_info:71 - 获取成功
2026-05-13 15:41:53.106 | INFO     | module_admin.controller.login_controller:get_login_user_routers:83 - 获取成功
2026-05-13 15:41:54.709 | INFO     | module_device.controller.topology_controller:get_topology_list:20 - 获取拓扑结构列表成功
2026-05-13 16:00:40.116 | INFO     | module_admin.controller.login_controller:get_login_user_info:71 - 获取成功
2026-05-13 16:00:40.338 | INFO     | module_admin.controller.login_controller:get_login_user_routers:83 - 获取成功
2026-05-13 16:00:41.787 | INFO     | module_device.controller.topology_controller:get_topology_list:20 - 获取拓扑结构列表成功
2026-05-13 16:21:42.647 | INFO     | module_admin.controller.login_controller:get_login_user_info:71 - 获取成功
2026-05-13 16:21:42.835 | INFO     | module_admin.controller.login_controller:get_login_user_routers:83 - 获取成功
2026-05-13 16:21:44.434 | INFO     | module_device.controller.topology_controller:get_topology_list:20 - 获取拓扑结构列表成功
2026-05-13 16:25:45.904 | INFO     | module_admin.controller.login_controller:get_login_user_info:71 - 获取成功
2026-05-13 16:25:46.113 | INFO     | module_admin.controller.login_controller:get_login_user_routers:83 - 获取成功
2026-05-13 16:25:47.543 | INFO     | module_device.controller.topology_controller:get_topology_list:20 - 获取拓扑结构列表成功
2026-05-13 16:35:36.197 | INFO     | module_admin.controller.login_controller:get_login_user_info:71 - 获取成功
2026-05-13 16:35:36.444 | INFO     | module_admin.controller.login_controller:get_login_user_routers:83 - 获取成功
2026-05-13 16:35:37.063 | INFO     | module_device.controller.topology_controller:get_topology_list:20 - 获取拓扑结构列表成功
2026-05-13 16:35:40.188 | INFO     | module_device.controller.topology_controller:get_topology_list:20 - 获取拓扑结构列表成功
