2026-05-08 09:55:52.072 | INFO     | server:lifespan:36 - SCU-FastAPI Starting...
2026-05-08 14:30:55.840 | INFO     | server:lifespan:36 - SCU-FastAPI Starting...
2026-05-08 14:30:55.847 | INFO     | server:lifespan:40 - SCU-FastAPI Started successfully
2026-05-08 14:35:42.605 | INFO     | server:lifespan:36 - SCU-FastAPI Starting...
2026-05-08 14:35:42.611 | INFO     | server:lifespan:40 - SCU-FastAPI Started successfully
2026-05-08 14:36:42.727 | INFO     | server:lifespan:36 - SCU-FastAPI Starting...
2026-05-08 14:36:42.733 | INFO     | server:lifespan:40 - SCU-FastAPI Started successfully
2026-05-08 14:37:06.240 | INFO     | server:lifespan:36 - SCU-FastAPI Starting...
2026-05-08 14:37:06.244 | INFO     | server:lifespan:40 - SCU-FastAPI Started successfully
2026-05-08 14:38:20.658 | INFO     | module_admin.controller.login_controller:login:58 - 登录成功
2026-05-08 14:48:28.349 | INFO     | server:lifespan:36 - SCU-FastAPI Starting...
2026-05-08 14:48:28.357 | INFO     | server:lifespan:40 - SCU-FastAPI Started successfully
2026-05-08 14:48:40.758 | INFO     | module_admin.controller.login_controller:login:58 - 登录成功
2026-05-08 14:50:26.167 | INFO     | module_admin.controller.login_controller:login:58 - 登录成功
2026-05-08 14:50:26.325 | INFO     | module_admin.controller.login_controller:get_login_user_info:71 - 获取成功
2026-05-08 14:50:26.426 | INFO     | module_admin.controller.login_controller:get_login_user_routers:83 - 获取成功
2026-05-08 14:50:30.911 | INFO     | module_admin.controller.login_controller:get_login_user_info:71 - 获取成功
2026-05-08 14:50:31.004 | INFO     | module_admin.controller.login_controller:get_login_user_routers:83 - 获取成功
2026-05-08 14:50:40.772 | INFO     | module_admin.controller.login_controller:get_login_user_info:71 - 获取成功
2026-05-08 14:50:40.868 | INFO     | module_admin.controller.login_controller:get_login_user_routers:83 - 获取成功
2026-05-08 14:50:46.741 | INFO     | module_admin.controller.login_controller:get_login_user_info:71 - 获取成功
2026-05-08 14:50:46.922 | INFO     | module_admin.controller.login_controller:get_login_user_routers:83 - 获取成功
2026-05-08 15:06:19.007 | INFO     | module_admin.controller.login_controller:get_login_user_info:71 - 获取成功
2026-05-08 15:06:19.290 | INFO     | module_admin.controller.login_controller:get_login_user_routers:83 - 获取成功
2026-05-08 15:08:19.843 | INFO     | module_admin.controller.login_controller:get_login_user_info:71 - 获取成功
2026-05-08 15:08:19.950 | INFO     | module_admin.controller.login_controller:get_login_user_routers:83 - 获取成功
2026-05-08 15:08:23.764 | INFO     | module_admin.controller.login_controller:get_login_user_info:71 - 获取成功
2026-05-08 15:08:23.854 | INFO     | module_admin.controller.login_controller:get_login_user_routers:83 - 获取成功
2026-05-08 15:11:03.211 | INFO     | module_admin.controller.login_controller:get_login_user_info:71 - 获取成功
2026-05-08 15:11:03.391 | INFO     | module_admin.controller.login_controller:get_login_user_routers:83 - 获取成功
2026-05-08 15:11:06.422 | INFO     | module_admin.controller.login_controller:get_login_user_info:71 - 获取成功
2026-05-08 15:11:06.546 | INFO     | module_admin.controller.login_controller:get_login_user_routers:83 - 获取成功
2026-05-08 15:26:35.490 | INFO     | module_admin.controller.login_controller:login:58 - 登录成功
2026-05-08 15:26:35.675 | INFO     | module_admin.controller.login_controller:get_login_user_info:71 - 获取成功
2026-05-08 15:26:35.792 | INFO     | module_admin.controller.login_controller:get_login_user_routers:83 - 获取成功
2026-05-08 15:26:36.929 | INFO     | module_device.controller.topology_controller:get_topology_list:20 - 获取拓扑结构列表成功
2026-05-08 15:26:42.229 | INFO     | module_device.controller.topology_controller:get_topology_list:20 - 获取拓扑结构列表成功
2026-05-08 15:26:42.324 | INFO     | module_device.controller.topology_controller:get_topology_list:20 - 获取拓扑结构列表成功
2026-05-08 15:26:44.749 | INFO     | module_device.controller.device_controller:get_device_list:33 - 获取成功
2026-05-08 15:26:53.661 | INFO     | module_admin.controller.login_controller:get_login_user_info:71 - 获取成功
2026-05-08 15:26:53.784 | INFO     | module_admin.controller.login_controller:get_login_user_routers:83 - 获取成功
2026-05-08 15:33:36.214 | INFO     | module_admin.controller.login_controller:get_login_user_info:71 - 获取成功
2026-05-08 15:33:36.460 | INFO     | module_admin.controller.login_controller:get_login_user_routers:83 - 获取成功
2026-05-08 15:33:37.141 | INFO     | module_device.controller.topology_controller:get_topology_list:20 - 获取拓扑结构列表成功
2026-05-08 15:33:43.995 | INFO     | module_device.controller.topology_controller:get_topology_list:20 - 获取拓扑结构列表成功
2026-05-08 15:33:44.063 | INFO     | module_device.controller.topology_controller:get_topology_list:20 - 获取拓扑结构列表成功
2026-05-08 15:33:45.320 | INFO     | module_device.controller.topology_controller:get_topology_list:20 - 获取拓扑结构列表成功
2026-05-08 15:33:45.627 | INFO     | module_device.controller.topology_controller:get_topology_list:20 - 获取拓扑结构列表成功
2026-05-08 15:33:45.706 | INFO     | module_device.controller.topology_controller:get_topology_list:20 - 获取拓扑结构列表成功
2026-05-08 15:33:47.178 | INFO     | module_device.controller.device_controller:get_device_list:33 - 获取成功
2026-05-08 15:33:48.729 | INFO     | module_device.controller.device_controller:get_device_list:33 - 获取成功
2026-05-08 15:33:48.799 | INFO     | module_device.controller.topology_controller:get_topology_list:20 - 获取拓扑结构列表成功
2026-05-08 15:35:34.482 | INFO     | module_device.controller.topology_controller:get_topology_list:20 - 获取拓扑结构列表成功
2026-05-08 15:35:34.545 | INFO     | module_device.controller.topology_controller:get_topology_list:20 - 获取拓扑结构列表成功
2026-05-08 15:35:36.202 | INFO     | module_device.controller.device_controller:get_device_list:33 - 获取成功
2026-05-08 15:35:37.556 | INFO     | module_device.controller.device_controller:get_device_list:33 - 获取成功
2026-05-08 15:35:37.626 | INFO     | module_device.controller.topology_controller:get_topology_list:20 - 获取拓扑结构列表成功
2026-05-08 15:35:41.070 | INFO     | module_device.controller.device_controller:get_device_list:33 - 获取成功
2026-05-08 15:35:44.829 | INFO     | module_device.controller.device_controller:get_device_list:33 - 获取成功
2026-05-08 15:35:44.901 | INFO     | module_device.controller.topology_controller:get_topology_list:20 - 获取拓扑结构列表成功
2026-05-08 15:35:46.279 | INFO     | module_device.controller.topology_controller:get_topology_list:20 - 获取拓扑结构列表成功
2026-05-08 15:37:44.649 | INFO     | module_device.controller.topology_controller:get_topology_list:20 - 获取拓扑结构列表成功
2026-05-08 15:37:44.726 | INFO     | module_device.controller.topology_controller:get_topology_list:20 - 获取拓扑结构列表成功
2026-05-08 15:37:46.073 | INFO     | module_device.controller.topology_controller:get_topology_list:20 - 获取拓扑结构列表成功
2026-05-08 15:40:11.790 | INFO     | module_device.controller.topology_controller:get_topology_list:20 - 获取拓扑结构列表成功
2026-05-08 15:40:11.863 | INFO     | module_device.controller.topology_controller:get_topology_list:20 - 获取拓扑结构列表成功
2026-05-08 15:40:13.156 | INFO     | module_device.controller.topology_controller:get_topology_list:20 - 获取拓扑结构列表成功
2026-05-08 15:40:15.928 | INFO     | module_device.controller.topology_controller:get_topology_list:20 - 获取拓扑结构列表成功
2026-05-08 15:40:15.984 | INFO     | module_device.controller.topology_controller:get_topology_list:20 - 获取拓扑结构列表成功
2026-05-08 15:40:17.685 | INFO     | module_device.controller.device_controller:get_device_list:33 - 获取成功
2026-05-08 15:40:19.138 | INFO     | module_device.controller.device_controller:get_device_list:33 - 获取成功
2026-05-08 15:40:19.216 | INFO     | module_device.controller.topology_controller:get_topology_list:20 - 获取拓扑结构列表成功
2026-05-08 15:40:20.838 | INFO     | module_device.controller.device_controller:get_device_list:33 - 获取成功
2026-05-08 15:40:26.052 | INFO     | module_device.controller.history_controller:get_event_data:94 - 获取事件/故障数据成功
2026-05-08 15:40:40.149 | INFO     | module_device.controller.device_controller:get_device_list:33 - 获取成功
2026-05-08 15:40:41.340 | INFO     | module_device.controller.topology_controller:get_topology_list:20 - 获取拓扑结构列表成功
2026-05-08 15:40:41.429 | INFO     | module_device.controller.topology_controller:get_topology_list:20 - 获取拓扑结构列表成功
2026-05-08 15:42:27.399 | INFO     | module_device.controller.topology_controller:get_topology_list:20 - 获取拓扑结构列表成功
2026-05-08 15:42:27.998 | INFO     | module_device.controller.topology_controller:get_topology_list:20 - 获取拓扑结构列表成功
2026-05-08 15:42:28.072 | INFO     | module_device.controller.topology_controller:get_topology_list:20 - 获取拓扑结构列表成功
2026-05-08 15:43:29.576 | INFO     | module_device.controller.device_controller:get_device_list:33 - 获取成功
2026-05-08 15:43:35.024 | INFO     | module_device.controller.topology_controller:get_topology_list:20 - 获取拓扑结构列表成功
2026-05-08 15:43:35.089 | INFO     | module_device.controller.topology_controller:get_topology_list:20 - 获取拓扑结构列表成功
2026-05-08 15:43:36.323 | INFO     | module_device.controller.device_controller:get_device_list:33 - 获取成功
2026-05-08 15:43:37.955 | INFO     | module_device.controller.device_controller:get_device_list:33 - 获取成功
2026-05-08 15:43:38.034 | INFO     | module_device.controller.topology_controller:get_topology_list:20 - 获取拓扑结构列表成功
2026-05-08 16:19:13.146 | INFO     | module_admin.controller.login_controller:get_login_user_info:71 - 获取成功
2026-05-08 16:19:13.302 | INFO     | module_admin.controller.login_controller:get_login_user_info:71 - 获取成功
2026-05-08 16:19:13.372 | INFO     | module_admin.controller.login_controller:get_login_user_routers:83 - 获取成功
2026-05-08 16:19:13.914 | INFO     | module_admin.controller.login_controller:get_login_user_routers:83 - 获取成功
2026-05-08 16:19:14.781 | INFO     | module_device.controller.topology_controller:get_topology_list:20 - 获取拓扑结构列表成功
2026-05-08 16:19:21.500 | INFO     | module_admin.controller.login_controller:get_login_user_info:71 - 获取成功
2026-05-08 16:19:21.611 | INFO     | module_admin.controller.login_controller:get_login_user_routers:83 - 获取成功
2026-05-08 16:19:25.910 | INFO     | module_device.controller.topology_controller:get_topology_list:20 - 获取拓扑结构列表成功
2026-05-08 16:19:40.549 | INFO     | module_admin.controller.login_controller:get_login_user_info:71 - 获取成功
2026-05-08 16:19:40.666 | INFO     | module_admin.controller.login_controller:get_login_user_routers:83 - 获取成功
2026-05-08 16:19:40.974 | INFO     | module_device.controller.topology_controller:get_topology_list:20 - 获取拓扑结构列表成功
2026-05-08 16:19:45.117 | INFO     | module_admin.controller.login_controller:get_login_user_info:71 - 获取成功
2026-05-08 16:19:45.302 | INFO     | module_admin.controller.login_controller:get_login_user_routers:83 - 获取成功
2026-05-08 16:19:45.665 | INFO     | module_device.controller.topology_controller:get_topology_list:20 - 获取拓扑结构列表成功
2026-05-08 16:26:03.022 | INFO     | module_admin.controller.login_controller:get_login_user_info:71 - 获取成功
2026-05-08 16:26:03.274 | INFO     | module_admin.controller.login_controller:get_login_user_routers:83 - 获取成功
2026-05-08 16:26:17.468 | INFO     | module_admin.controller.login_controller:get_login_user_info:71 - 获取成功
2026-05-08 16:26:17.714 | INFO     | module_admin.controller.login_controller:get_login_user_routers:83 - 获取成功
2026-05-08 16:29:01.167 | INFO     | module_admin.controller.login_controller:get_login_user_info:71 - 获取成功
2026-05-08 16:29:01.354 | INFO     | module_admin.controller.login_controller:get_login_user_routers:83 - 获取成功
2026-05-08 16:29:02.594 | INFO     | module_device.controller.topology_controller:get_topology_list:20 - 获取拓扑结构列表成功
2026-05-08 16:29:18.853 | INFO     | module_device.controller.topology_controller:get_topology_list:20 - 获取拓扑结构列表成功
2026-05-08 16:29:18.941 | INFO     | module_device.controller.topology_controller:get_topology_list:20 - 获取拓扑结构列表成功
2026-05-08 16:29:53.545 | INFO     | module_admin.controller.login_controller:get_login_user_info:71 - 获取成功
2026-05-08 16:29:53.670 | INFO     | module_admin.controller.login_controller:get_login_user_routers:83 - 获取成功
2026-05-08 16:30:03.846 | INFO     | module_admin.controller.login_controller:get_login_user_info:71 - 获取成功
2026-05-08 16:30:03.975 | INFO     | module_admin.controller.login_controller:get_login_user_routers:83 - 获取成功
2026-05-08 16:30:28.586 | INFO     | module_device.controller.port_controller:get_port_list:40 - 获取成功
2026-05-08 16:30:33.193 | INFO     | module_device.controller.history_controller:get_event_data:94 - 获取事件/故障数据成功
2026-05-08 16:35:35.743 | INFO     | module_admin.controller.login_controller:get_login_user_info:71 - 获取成功
2026-05-08 16:35:35.874 | INFO     | module_admin.controller.login_controller:get_login_user_routers:83 - 获取成功
2026-05-08 16:40:33.741 | INFO     | module_device.controller.port_controller:get_port_list:40 - 获取成功
2026-05-08 16:40:38.463 | INFO     | module_device.controller.port_controller:get_port_list:40 - 获取成功
2026-05-08 16:45:56.235 | INFO     | module_device.controller.port_controller:get_port_list:40 - 获取成功
2026-05-08 16:48:20.239 | INFO     | module_admin.controller.login_controller:get_login_user_info:71 - 获取成功
2026-05-08 16:48:20.472 | INFO     | module_admin.controller.login_controller:get_login_user_routers:83 - 获取成功
2026-05-08 16:48:22.589 | INFO     | module_device.controller.port_controller:get_port_list:40 - 获取成功
2026-05-08 16:48:31.932 | INFO     | module_admin.controller.login_controller:get_login_user_info:71 - 获取成功
2026-05-08 16:48:32.033 | INFO     | module_admin.controller.login_controller:get_login_user_routers:83 - 获取成功
2026-05-08 16:49:16.240 | INFO     | module_admin.controller.login_controller:get_login_user_info:71 - 获取成功
2026-05-08 16:49:16.347 | INFO     | module_admin.controller.login_controller:get_login_user_routers:83 - 获取成功
2026-05-08 16:49:20.638 | INFO     | module_device.controller.topology_controller:get_topology_list:20 - 获取拓扑结构列表成功
2026-05-08 16:50:43.855 | INFO     | module_admin.controller.login_controller:get_login_user_info:71 - 获取成功
2026-05-08 16:50:43.968 | INFO     | module_admin.controller.login_controller:get_login_user_routers:83 - 获取成功
2026-05-08 16:50:47.789 | INFO     | module_device.controller.topology_controller:get_topology_list:20 - 获取拓扑结构列表成功
2026-05-08 16:57:56.302 | INFO     | module_admin.controller.login_controller:get_login_user_info:71 - 获取成功
2026-05-08 16:57:56.597 | INFO     | module_admin.controller.login_controller:get_login_user_routers:83 - 获取成功
2026-05-08 16:57:58.610 | INFO     | module_device.controller.topology_controller:get_topology_list:20 - 获取拓扑结构列表成功
2026-05-08 17:02:27.856 | INFO     | module_admin.controller.login_controller:get_login_user_info:71 - 获取成功
2026-05-08 17:02:27.970 | INFO     | module_admin.controller.login_controller:get_login_user_routers:83 - 获取成功
2026-05-08 17:02:29.041 | INFO     | module_device.controller.topology_controller:get_topology_list:20 - 获取拓扑结构列表成功
2026-05-08 17:16:38.719 | INFO     | module_admin.controller.login_controller:get_login_user_info:71 - 获取成功
2026-05-08 17:16:38.834 | INFO     | module_admin.controller.login_controller:get_login_user_routers:83 - 获取成功
2026-05-08 17:16:43.620 | INFO     | module_admin.controller.login_controller:get_login_user_info:71 - 获取成功
2026-05-08 17:16:43.730 | INFO     | module_admin.controller.login_controller:get_login_user_routers:83 - 获取成功
2026-05-08 17:17:01.116 | INFO     | module_admin.controller.login_controller:get_login_user_info:71 - 获取成功
2026-05-08 17:17:01.279 | INFO     | module_admin.controller.login_controller:get_login_user_routers:83 - 获取成功
2026-05-08 17:17:01.852 | INFO     | module_device.controller.topology_controller:get_topology_list:20 - 获取拓扑结构列表成功
2026-05-08 17:17:11.071 | INFO     | module_device.controller.topology_controller:get_topology_list:20 - 获取拓扑结构列表成功
2026-05-08 17:17:14.626 | INFO     | module_device.controller.topology_controller:get_topology_list:20 - 获取拓扑结构列表成功
2026-05-08 17:17:16.949 | INFO     | module_device.controller.history_controller:get_event_data:94 - 获取事件/故障数据成功
2026-05-08 17:17:20.729 | INFO     | module_device.controller.history_controller:get_event_data:94 - 获取事件/故障数据成功
2026-05-08 17:17:25.983 | INFO     | module_admin.controller.login_controller:logout:134 - 退出成功
2026-05-08 17:17:33.140 | INFO     | module_admin.controller.login_controller:login:58 - 登录成功
2026-05-08 17:17:33.263 | INFO     | module_admin.controller.login_controller:get_login_user_info:71 - 获取成功
2026-05-08 17:17:33.371 | INFO     | module_admin.controller.login_controller:get_login_user_routers:83 - 获取成功
2026-05-08 17:17:33.691 | INFO     | module_device.controller.topology_controller:get_topology_list:20 - 获取拓扑结构列表成功
2026-05-08 17:24:09.169 | INFO     | module_admin.controller.login_controller:get_login_user_info:71 - 获取成功
2026-05-08 17:24:09.290 | INFO     | module_admin.controller.login_controller:get_login_user_routers:83 - 获取成功
2026-05-08 17:24:13.940 | INFO     | module_device.controller.topology_controller:get_topology_list:20 - 获取拓扑结构列表成功
2026-05-08 17:24:17.830 | INFO     | module_device.controller.topology_controller:get_topology_list:20 - 获取拓扑结构列表成功
2026-05-08 17:24:21.243 | INFO     | module_admin.controller.login_controller:logout:134 - 退出成功
2026-05-08 17:24:23.024 | INFO     | module_admin.controller.login_controller:login:58 - 登录成功
2026-05-08 17:24:23.146 | INFO     | module_admin.controller.login_controller:get_login_user_info:71 - 获取成功
2026-05-08 17:24:23.252 | INFO     | module_admin.controller.login_controller:get_login_user_routers:83 - 获取成功
2026-05-08 17:24:23.532 | INFO     | module_device.controller.topology_controller:get_topology_list:20 - 获取拓扑结构列表成功
2026-05-08 17:24:34.269 | INFO     | module_admin.controller.login_controller:get_login_user_info:71 - 获取成功
2026-05-08 17:24:34.381 | INFO     | module_admin.controller.login_controller:get_login_user_routers:83 - 获取成功
2026-05-08 17:24:37.810 | INFO     | module_device.controller.topology_controller:get_topology_list:20 - 获取拓扑结构列表成功
2026-05-08 17:29:15.473 | INFO     | module_admin.controller.login_controller:get_login_user_info:71 - 获取成功
2026-05-08 17:29:15.684 | INFO     | module_admin.controller.login_controller:get_login_user_routers:83 - 获取成功
2026-05-08 17:29:45.387 | INFO     | module_device.controller.device_controller:get_device_list:33 - 获取成功
2026-05-08 17:33:22.327 | INFO     | module_admin.controller.login_controller:get_login_user_info:71 - 获取成功
2026-05-08 17:33:22.636 | INFO     | module_admin.controller.login_controller:get_login_user_routers:83 - 获取成功
2026-05-08 17:33:23.917 | INFO     | module_device.controller.topology_controller:get_topology_list:20 - 获取拓扑结构列表成功
2026-05-08 17:33:28.019 | INFO     | module_device.controller.topology_controller:get_topology_list:20 - 获取拓扑结构列表成功
2026-05-08 17:33:28.091 | INFO     | module_device.controller.topology_controller:get_topology_list:20 - 获取拓扑结构列表成功
2026-05-08 17:33:38.934 | INFO     | module_device.controller.device_controller:get_device_list:33 - 获取成功
2026-05-08 17:33:40.468 | INFO     | module_device.controller.topology_controller:get_topology_list:20 - 获取拓扑结构列表成功
2026-05-08 17:33:40.548 | INFO     | module_device.controller.topology_controller:get_topology_list:20 - 获取拓扑结构列表成功
2026-05-08 17:33:44.015 | INFO     | module_device.controller.device_controller:get_device_list:33 - 获取成功
2026-05-08 17:33:47.026 | INFO     | module_device.controller.device_controller:get_device_list:33 - 获取成功
2026-05-08 17:33:47.097 | INFO     | module_device.controller.topology_controller:get_topology_list:20 - 获取拓扑结构列表成功
2026-05-08 17:33:52.014 | INFO     | module_device.controller.topology_controller:get_topology_list:20 - 获取拓扑结构列表成功
2026-05-08 17:33:52.087 | INFO     | module_device.controller.topology_controller:get_topology_list:20 - 获取拓扑结构列表成功
2026-05-08 17:33:59.503 | INFO     | module_device.controller.device_controller:get_device_list:33 - 获取成功
2026-05-08 17:34:02.224 | INFO     | module_device.controller.device_controller:get_device_list:33 - 获取成功
2026-05-08 17:34:02.298 | INFO     | module_device.controller.topology_controller:get_topology_list:20 - 获取拓扑结构列表成功
2026-05-08 17:34:18.096 | INFO     | module_device.controller.topology_controller:get_topology_list:20 - 获取拓扑结构列表成功
2026-05-08 17:34:18.184 | INFO     | module_device.controller.topology_controller:get_topology_list:20 - 获取拓扑结构列表成功
2026-05-08 17:34:23.294 | INFO     | module_device.controller.device_controller:get_device_list:33 - 获取成功
2026-05-08 17:36:02.704 | INFO     | module_device.controller.topology_controller:get_topology_list:20 - 获取拓扑结构列表成功
2026-05-08 17:36:02.775 | INFO     | module_device.controller.topology_controller:get_topology_list:20 - 获取拓扑结构列表成功
2026-05-08 17:36:03.877 | INFO     | module_device.controller.device_controller:get_device_list:33 - 获取成功
2026-05-08 17:36:23.853 | INFO     | module_device.controller.template_controller:get_template_all:59 - 获取成功
2026-05-08 17:36:26.867 | INFO     | module_device.controller.device_controller:add_system_device:65 - Added successfully, device code: 1
2026-05-08 17:36:26.992 | INFO     | module_device.controller.device_controller:get_device_list:33 - 获取成功
2026-05-08 17:36:29.510 | INFO     | module_device.controller.topology_controller:get_topology_list:20 - 获取拓扑结构列表成功
2026-05-08 17:36:29.597 | INFO     | module_device.controller.topology_controller:get_topology_list:20 - 获取拓扑结构列表成功
2026-05-08 17:36:32.098 | INFO     | module_device.controller.device_controller:get_device_list:33 - 获取成功
2026-05-08 17:36:33.301 | INFO     | module_device.controller.topology_controller:get_topology_list:20 - 获取拓扑结构列表成功
2026-05-08 17:36:33.375 | INFO     | module_device.controller.topology_controller:get_topology_list:20 - 获取拓扑结构列表成功
2026-05-08 17:36:34.360 | INFO     | module_device.controller.topology_controller:get_topology_list:20 - 获取拓扑结构列表成功
2026-05-08 17:36:36.626 | INFO     | module_device.controller.device_controller:get_device_list:33 - 获取成功
2026-05-08 17:39:30.811 | INFO     | module_device.controller.topology_controller:get_topology_list:20 - 获取拓扑结构列表成功
2026-05-08 17:39:30.890 | INFO     | module_device.controller.topology_controller:get_topology_list:20 - 获取拓扑结构列表成功
2026-05-08 19:33:15.615 | INFO     | module_device.controller.device_controller:get_device_list:33 - 获取成功
2026-05-08 19:33:27.877 | INFO     | module_device.controller.topology_controller:get_topology_list:20 - 获取拓扑结构列表成功
2026-05-08 19:33:35.303 | INFO     | module_device.controller.topology_controller:get_topology_list:20 - 获取拓扑结构列表成功
2026-05-08 19:33:35.381 | INFO     | module_device.controller.topology_controller:get_topology_list:20 - 获取拓扑结构列表成功
2026-05-08 20:37:51.725 | INFO     | module_device.controller.device_controller:get_device_list:33 - 获取成功
2026-05-08 20:38:04.673 | INFO     | module_device.controller.template_controller:get_template_all:59 - 获取成功
2026-05-08 20:43:04.844 | INFO     | module_device.controller.topology_controller:get_topology_list:20 - 获取拓扑结构列表成功
2026-05-08 20:44:09.269 | INFO     | module_device.controller.device_controller:get_device_list:33 - 获取成功
2026-05-08 20:45:10.405 | INFO     | module_device.controller.topology_controller:get_topology_list:20 - 获取拓扑结构列表成功
2026-05-08 20:45:10.493 | INFO     | module_device.controller.topology_controller:get_topology_list:20 - 获取拓扑结构列表成功
2026-05-08 20:49:36.212 | INFO     | module_device.controller.topology_controller:get_topology_list:20 - 获取拓扑结构列表成功
2026-05-08 20:49:39.561 | INFO     | module_device.controller.topology_controller:get_topology_list:20 - 获取拓扑结构列表成功
2026-05-08 20:49:39.642 | INFO     | module_device.controller.topology_controller:get_topology_list:20 - 获取拓扑结构列表成功
2026-05-08 20:49:57.367 | INFO     | module_device.controller.topology_controller:get_topology_list:20 - 获取拓扑结构列表成功
2026-05-08 20:50:26.765 | INFO     | module_device.controller.topology_controller:get_topology_list:20 - 获取拓扑结构列表成功
2026-05-08 20:50:26.845 | INFO     | module_device.controller.topology_controller:get_topology_list:20 - 获取拓扑结构列表成功
2026-05-08 20:50:28.954 | INFO     | module_device.controller.topology_controller:get_topology_list:20 - 获取拓扑结构列表成功
2026-05-08 20:50:38.089 | INFO     | module_device.controller.topology_controller:get_topology_list:20 - 获取拓扑结构列表成功
2026-05-08 20:50:38.180 | INFO     | module_device.controller.topology_controller:get_topology_list:20 - 获取拓扑结构列表成功
2026-05-08 20:51:00.238 | INFO     | module_device.controller.topology_controller:get_topology_list:20 - 获取拓扑结构列表成功
2026-05-08 20:51:00.295 | INFO     | module_device.controller.topology_controller:get_topology_list:20 - 获取拓扑结构列表成功
2026-05-08 20:52:09.523 | INFO     | module_device.controller.device_controller:get_device_list:33 - 获取成功
2026-05-08 20:52:10.653 | INFO     | module_device.controller.topology_controller:get_topology_list:20 - 获取拓扑结构列表成功
2026-05-08 20:52:10.743 | INFO     | module_device.controller.topology_controller:get_topology_list:20 - 获取拓扑结构列表成功
2026-05-08 20:52:13.564 | INFO     | module_device.controller.topology_controller:get_topology_list:20 - 获取拓扑结构列表成功
2026-05-08 20:52:17.217 | INFO     | module_device.controller.device_controller:get_device_list:33 - 获取成功
2026-05-08 20:54:43.148 | INFO     | module_device.controller.history_controller:get_event_data:94 - 获取事件/故障数据成功
2026-05-11 09:32:21.761 | WARNING  | module_admin.service.login_service:get_current_user:227 - 用户token已失效，请重新登录
2026-05-11 09:32:21.996 | INFO     | module_admin.controller.login_controller:logout:134 - 退出成功
2026-05-11 09:32:24.658 | INFO     | module_admin.controller.login_controller:login:58 - 登录成功
2026-05-11 09:32:24.874 | INFO     | module_admin.controller.login_controller:get_login_user_info:71 - 获取成功
2026-05-11 09:32:24.982 | INFO     | module_admin.controller.login_controller:get_login_user_routers:83 - 获取成功
2026-05-11 09:32:26.122 | INFO     | module_device.controller.topology_controller:get_topology_list:20 - 获取拓扑结构列表成功
2026-05-11 09:32:28.574 | INFO     | module_device.controller.topology_controller:get_topology_list:20 - 获取拓扑结构列表成功
2026-05-11 09:32:28.650 | INFO     | module_device.controller.topology_controller:get_topology_list:20 - 获取拓扑结构列表成功
2026-05-11 09:32:30.788 | INFO     | module_device.controller.device_controller:get_device_list:33 - 获取成功
2026-05-11 09:32:32.739 | INFO     | module_device.controller.device_controller:get_device_list:33 - 获取成功
2026-05-11 09:32:32.799 | INFO     | module_device.controller.topology_controller:get_topology_list:20 - 获取拓扑结构列表成功
2026-05-11 09:32:55.331 | INFO     | module_device.controller.device_controller:get_device_list:33 - 获取成功
2026-05-11 09:35:05.503 | INFO     | module_device.controller.device_controller:get_device_list:33 - 获取成功
2026-05-11 09:35:05.575 | INFO     | module_device.controller.topology_controller:get_topology_list:20 - 获取拓扑结构列表成功
2026-05-11 09:35:09.595 | INFO     | module_device.controller.topology_controller:get_topology_list:20 - 获取拓扑结构列表成功
2026-05-11 09:35:09.719 | INFO     | module_device.controller.topology_controller:get_topology_list:20 - 获取拓扑结构列表成功
2026-05-11 09:35:11.779 | INFO     | module_device.controller.device_controller:get_device_list:33 - 获取成功
2026-05-11 09:35:18.439 | INFO     | module_device.controller.device_controller:get_device_list:33 - 获取成功
2026-05-11 09:35:18.499 | INFO     | module_device.controller.topology_controller:get_topology_list:20 - 获取拓扑结构列表成功
2026-05-11 09:35:20.421 | INFO     | module_device.controller.device_controller:get_device_list:33 - 获取成功
2026-05-11 09:35:52.778 | INFO     | module_device.controller.topology_controller:get_topology_list:20 - 获取拓扑结构列表成功
2026-05-11 09:36:15.470 | INFO     | module_device.controller.device_controller:get_device_list:33 - 获取成功
2026-05-11 09:36:15.554 | INFO     | module_device.controller.topology_controller:get_topology_list:20 - 获取拓扑结构列表成功
2026-05-11 09:55:51.280 | INFO     | module_device.controller.device_controller:get_device_list:33 - 获取成功
2026-05-11 09:55:52.764 | INFO     | module_device.controller.device_controller:get_device_list:33 - 获取成功
2026-05-11 09:55:52.836 | INFO     | module_device.controller.topology_controller:get_topology_list:20 - 获取拓扑结构列表成功
2026-05-11 09:56:07.653 | INFO     | module_device.controller.device_controller:get_device_list:33 - 获取成功
2026-05-11 09:56:12.957 | ERROR    | exceptions.handle:service_exception_handler:51 - Device BBMS is a system base device and cannot be deleted
2026-05-11 09:56:16.399 | INFO     | module_device.controller.device_controller:get_device_list:33 - 获取成功
2026-05-11 09:56:16.458 | INFO     | module_device.controller.topology_controller:get_topology_list:20 - 获取拓扑结构列表成功
2026-05-11 10:02:04.830 | INFO     | module_device.controller.device_controller:get_device_list:33 - 获取成功
2026-05-11 10:03:04.675 | INFO     | module_device.controller.topology_controller:get_topology_list:20 - 获取拓扑结构列表成功
2026-05-11 10:03:04.753 | INFO     | module_device.controller.topology_controller:get_topology_list:20 - 获取拓扑结构列表成功
2026-05-11 10:03:07.391 | INFO     | module_device.controller.device_controller:get_device_list:33 - 获取成功
2026-05-11 10:08:30.320 | INFO     | module_device.controller.topology_controller:get_topology_list:20 - 获取拓扑结构列表成功
2026-05-11 10:08:30.400 | INFO     | module_device.controller.topology_controller:get_topology_list:20 - 获取拓扑结构列表成功
2026-05-11 10:08:31.690 | INFO     | module_device.controller.topology_controller:get_topology_list:20 - 获取拓扑结构列表成功
2026-05-11 10:08:32.999 | INFO     | module_device.controller.topology_controller:get_topology_list:20 - 获取拓扑结构列表成功
2026-05-11 10:08:33.078 | INFO     | module_device.controller.topology_controller:get_topology_list:20 - 获取拓扑结构列表成功
2026-05-11 10:17:43.825 | INFO     | module_device.controller.device_controller:get_device_list:33 - 获取成功
2026-05-11 10:18:19.684 | INFO     | module_device.controller.device_controller:get_device_list:33 - 获取成功
2026-05-11 10:18:19.765 | INFO     | module_device.controller.topology_controller:get_topology_list:20 - 获取拓扑结构列表成功
2026-05-11 10:18:36.056 | INFO     | module_device.controller.device_controller:get_device_list:33 - 获取成功
2026-05-11 10:18:39.115 | INFO     | module_device.controller.topology_controller:get_topology_list:20 - 获取拓扑结构列表成功
2026-05-11 10:19:18.874 | INFO     | module_device.controller.device_controller:get_device_list:33 - 获取成功
2026-05-11 10:46:09.587 | INFO     | module_device.controller.device_controller:get_device_list:33 - 获取成功
2026-05-11 10:46:09.652 | INFO     | module_device.controller.topology_controller:get_topology_list:20 - 获取拓扑结构列表成功
2026-05-11 11:02:23.983 | INFO     | module_device.controller.topology_controller:get_topology_list:20 - 获取拓扑结构列表成功
2026-05-11 11:02:24.041 | INFO     | module_device.controller.topology_controller:get_topology_list:20 - 获取拓扑结构列表成功
2026-05-11 11:03:50.602 | INFO     | module_device.controller.device_controller:get_device_list:33 - 获取成功
2026-05-11 11:04:32.678 | INFO     | module_device.controller.topology_controller:get_topology_list:20 - 获取拓扑结构列表成功
2026-05-11 11:04:32.757 | INFO     | module_device.controller.topology_controller:get_topology_list:20 - 获取拓扑结构列表成功
2026-05-11 11:18:03.653 | INFO     | module_admin.controller.login_controller:get_login_user_info:71 - 获取成功
2026-05-11 11:18:03.832 | INFO     | module_admin.controller.login_controller:get_login_user_routers:83 - 获取成功
2026-05-11 11:18:05.237 | INFO     | module_device.controller.topology_controller:get_topology_list:20 - 获取拓扑结构列表成功
2026-05-11 11:18:05.278 | INFO     | module_device.controller.topology_controller:get_topology_list:20 - 获取拓扑结构列表成功
2026-05-11 11:19:27.114 | INFO     | module_device.controller.topology_controller:get_topology_list:20 - 获取拓扑结构列表成功
2026-05-11 11:19:38.886 | INFO     | module_device.controller.topology_controller:get_topology_list:20 - 获取拓扑结构列表成功
2026-05-11 11:19:39.308 | INFO     | module_device.controller.topology_controller:get_topology_list:20 - 获取拓扑结构列表成功
2026-05-11 11:19:39.351 | INFO     | module_device.controller.topology_controller:get_topology_list:20 - 获取拓扑结构列表成功
2026-05-11 11:19:39.869 | INFO     | module_device.controller.topology_controller:get_topology_list:20 - 获取拓扑结构列表成功
2026-05-11 11:19:39.951 | INFO     | module_device.controller.topology_controller:get_topology_list:20 - 获取拓扑结构列表成功
2026-05-11 11:20:07.338 | INFO     | module_device.controller.topology_controller:get_topology_list:20 - 获取拓扑结构列表成功
2026-05-11 11:20:17.723 | INFO     | module_device.controller.topology_controller:get_topology_list:20 - 获取拓扑结构列表成功
2026-05-11 11:20:17.776 | INFO     | module_device.controller.topology_controller:get_topology_list:20 - 获取拓扑结构列表成功
2026-05-11 11:20:17.823 | INFO     | module_device.controller.topology_controller:get_topology_list:20 - 获取拓扑结构列表成功
2026-05-11 11:20:18.315 | INFO     | module_device.controller.topology_controller:get_topology_list:20 - 获取拓扑结构列表成功
2026-05-11 11:20:18.362 | INFO     | module_device.controller.topology_controller:get_topology_list:20 - 获取拓扑结构列表成功
2026-05-11 11:20:33.800 | INFO     | module_device.controller.topology_controller:get_topology_list:20 - 获取拓扑结构列表成功
2026-05-11 11:20:33.883 | INFO     | module_device.controller.topology_controller:get_topology_list:20 - 获取拓扑结构列表成功
2026-05-11 11:22:22.999 | INFO     | module_admin.controller.login_controller:get_login_user_info:71 - 获取成功
2026-05-11 11:22:23.192 | INFO     | module_admin.controller.login_controller:get_login_user_routers:83 - 获取成功
2026-05-11 11:22:24.505 | INFO     | module_device.controller.topology_controller:get_topology_list:20 - 获取拓扑结构列表成功
2026-05-11 11:22:24.559 | INFO     | module_device.controller.topology_controller:get_topology_list:20 - 获取拓扑结构列表成功
2026-05-11 11:25:48.970 | INFO     | module_admin.controller.login_controller:get_login_user_info:71 - 获取成功
2026-05-11 11:25:49.146 | INFO     | module_admin.controller.login_controller:get_login_user_routers:83 - 获取成功
2026-05-11 11:25:50.243 | INFO     | module_device.controller.topology_controller:get_topology_list:20 - 获取拓扑结构列表成功
2026-05-11 11:25:50.303 | INFO     | module_device.controller.topology_controller:get_topology_list:20 - 获取拓扑结构列表成功
2026-05-11 11:25:53.345 | INFO     | module_device.controller.device_controller:get_device_list:33 - 获取成功
2026-05-11 11:25:56.267 | INFO     | module_device.controller.device_controller:get_device_list:33 - 获取成功
2026-05-11 11:25:56.349 | INFO     | module_device.controller.topology_controller:get_topology_list:20 - 获取拓扑结构列表成功
2026-05-11 11:25:58.068 | INFO     | module_device.controller.topology_controller:get_topology_list:20 - 获取拓扑结构列表成功
2026-05-11 11:25:58.133 | INFO     | module_device.controller.topology_controller:get_topology_list:20 - 获取拓扑结构列表成功
2026-05-11 11:25:59.399 | INFO     | module_device.controller.topology_controller:get_topology_list:20 - 获取拓扑结构列表成功
2026-05-11 11:26:06.750 | INFO     | module_device.controller.topology_controller:get_topology_list:20 - 获取拓扑结构列表成功
2026-05-11 11:26:06.839 | INFO     | module_device.controller.topology_controller:get_topology_list:20 - 获取拓扑结构列表成功
2026-05-11 11:26:18.556 | INFO     | module_device.controller.device_controller:get_device_list:33 - 获取成功
2026-05-11 11:27:34.457 | INFO     | module_device.controller.topology_controller:get_topology_list:20 - 获取拓扑结构列表成功
2026-05-11 11:27:34.542 | INFO     | module_device.controller.topology_controller:get_topology_list:20 - 获取拓扑结构列表成功
2026-05-11 11:27:43.586 | INFO     | module_device.controller.device_controller:get_device_list:33 - 获取成功
2026-05-11 11:28:14.379 | INFO     | module_device.controller.template_controller:get_template_all:59 - 获取成功
2026-05-11 11:28:16.399 | INFO     | module_device.controller.template_controller:get_template_all:59 - 获取成功
2026-05-11 11:28:54.316 | INFO     | module_device.controller.topology_controller:get_topology_list:20 - 获取拓扑结构列表成功
2026-05-11 11:28:54.376 | INFO     | module_device.controller.topology_controller:get_topology_list:20 - 获取拓扑结构列表成功
2026-05-11 11:29:02.580 | INFO     | module_device.controller.device_controller:get_device_list:33 - 获取成功
2026-05-11 11:32:26.791 | INFO     | module_device.controller.device_controller:get_device_list:33 - 获取成功
2026-05-11 11:32:26.862 | INFO     | module_device.controller.topology_controller:get_topology_list:20 - 获取拓扑结构列表成功
2026-05-11 11:32:28.135 | INFO     | module_device.controller.device_controller:get_device_list:33 - 获取成功
2026-05-11 11:32:41.976 | INFO     | module_device.controller.topology_controller:get_topology_list:20 - 获取拓扑结构列表成功
2026-05-11 11:32:42.050 | INFO     | module_device.controller.topology_controller:get_topology_list:20 - 获取拓扑结构列表成功
2026-05-11 11:39:20.706 | INFO     | module_admin.controller.login_controller:get_login_user_info:71 - 获取成功
2026-05-11 11:39:21.750 | INFO     | module_admin.controller.login_controller:get_login_user_routers:83 - 获取成功
2026-05-11 11:39:23.897 | INFO     | module_device.controller.topology_controller:get_topology_list:20 - 获取拓扑结构列表成功
2026-05-11 11:39:23.942 | INFO     | module_device.controller.topology_controller:get_topology_list:20 - 获取拓扑结构列表成功
2026-05-11 13:23:05.864 | INFO     | module_admin.controller.login_controller:get_login_user_info:71 - 获取成功
2026-05-11 13:23:06.075 | INFO     | module_admin.controller.login_controller:get_login_user_routers:83 - 获取成功
2026-05-11 13:23:06.637 | INFO     | module_device.controller.topology_controller:get_topology_list:20 - 获取拓扑结构列表成功
2026-05-11 13:23:06.684 | INFO     | module_device.controller.topology_controller:get_topology_list:20 - 获取拓扑结构列表成功
2026-05-11 13:23:09.547 | INFO     | module_device.controller.topology_controller:get_topology_list:20 - 获取拓扑结构列表成功
2026-05-11 13:23:16.368 | INFO     | module_device.controller.topology_controller:get_topology_list:20 - 获取拓扑结构列表成功
2026-05-11 13:23:16.446 | INFO     | module_device.controller.topology_controller:get_topology_list:20 - 获取拓扑结构列表成功
2026-05-11 13:23:18.075 | INFO     | module_device.controller.device_controller:get_device_list:33 - 获取成功
2026-05-11 13:25:32.331 | INFO     | module_device.controller.topology_controller:get_topology_list:20 - 获取拓扑结构列表成功
2026-05-11 13:25:32.412 | INFO     | module_device.controller.topology_controller:get_topology_list:20 - 获取拓扑结构列表成功
2026-05-11 13:25:33.717 | INFO     | module_device.controller.device_controller:get_device_list:33 - 获取成功
2026-05-11 13:28:43.663 | INFO     | module_device.controller.device_controller:get_device_list:33 - 获取成功
2026-05-11 13:29:43.515 | INFO     | module_admin.controller.login_controller:get_login_user_info:71 - 获取成功
2026-05-11 13:29:43.626 | INFO     | module_admin.controller.login_controller:get_login_user_routers:83 - 获取成功
2026-05-11 13:29:44.700 | INFO     | module_device.controller.device_controller:get_device_list:33 - 获取成功
2026-05-11 13:29:46.681 | INFO     | module_device.controller.topology_controller:get_topology_list:20 - 获取拓扑结构列表成功
2026-05-11 13:29:48.139 | INFO     | module_device.controller.topology_controller:get_topology_list:20 - 获取拓扑结构列表成功
2026-05-11 13:29:48.210 | INFO     | module_device.controller.topology_controller:get_topology_list:20 - 获取拓扑结构列表成功
2026-05-11 13:29:50.648 | INFO     | module_device.controller.device_controller:get_device_list:33 - 获取成功
2026-05-11 13:29:54.248 | INFO     | module_device.controller.device_controller:get_device_list:33 - 获取成功
2026-05-11 13:29:54.323 | INFO     | module_device.controller.topology_controller:get_topology_list:20 - 获取拓扑结构列表成功
2026-05-11 13:29:56.428 | INFO     | module_device.controller.device_controller:get_device_list:33 - 获取成功
2026-05-11 13:30:32.135 | INFO     | module_device.controller.topology_controller:get_topology_list:20 - 获取拓扑结构列表成功
2026-05-11 13:30:32.216 | INFO     | module_device.controller.topology_controller:get_topology_list:20 - 获取拓扑结构列表成功
2026-05-11 13:34:46.903 | INFO     | module_device.controller.device_controller:get_device_list:33 - 获取成功
2026-05-11 13:36:51.305 | INFO     | module_admin.controller.login_controller:get_login_user_info:71 - 获取成功
2026-05-11 13:36:51.414 | INFO     | module_admin.controller.login_controller:get_login_user_routers:83 - 获取成功
2026-05-11 13:36:51.988 | INFO     | module_device.controller.device_controller:get_device_list:33 - 获取成功
2026-05-11 13:36:54.779 | INFO     | module_device.controller.topology_controller:get_topology_list:20 - 获取拓扑结构列表成功
2026-05-11 13:36:54.837 | INFO     | module_device.controller.topology_controller:get_topology_list:20 - 获取拓扑结构列表成功
2026-05-11 13:37:02.311 | INFO     | module_device.controller.topology_controller:get_topology_list:20 - 获取拓扑结构列表成功
2026-05-11 13:37:03.291 | INFO     | module_device.controller.topology_controller:get_topology_list:20 - 获取拓扑结构列表成功
2026-05-11 13:37:03.368 | INFO     | module_device.controller.topology_controller:get_topology_list:20 - 获取拓扑结构列表成功
2026-05-11 13:37:37.811 | INFO     | module_device.controller.topology_controller:get_topology_list:20 - 获取拓扑结构列表成功
2026-05-11 13:37:38.858 | INFO     | module_device.controller.topology_controller:get_topology_list:20 - 获取拓扑结构列表成功
2026-05-11 13:37:38.928 | INFO     | module_device.controller.topology_controller:get_topology_list:20 - 获取拓扑结构列表成功
2026-05-11 13:37:40.933 | INFO     | module_device.controller.topology_controller:get_topology_list:20 - 获取拓扑结构列表成功
2026-05-11 13:37:41.972 | INFO     | module_device.controller.topology_controller:get_topology_list:20 - 获取拓扑结构列表成功
2026-05-11 13:37:42.030 | INFO     | module_device.controller.topology_controller:get_topology_list:20 - 获取拓扑结构列表成功
2026-05-11 13:37:44.552 | INFO     | module_device.controller.device_controller:get_device_list:33 - 获取成功
2026-05-11 13:37:47.152 | INFO     | module_device.controller.topology_controller:get_topology_list:20 - 获取拓扑结构列表成功
2026-05-11 13:37:47.253 | INFO     | module_device.controller.topology_controller:get_topology_list:20 - 获取拓扑结构列表成功
2026-05-11 13:37:48.462 | INFO     | module_device.controller.topology_controller:get_topology_list:20 - 获取拓扑结构列表成功
2026-05-11 13:37:56.967 | INFO     | module_device.controller.topology_controller:get_topology_list:20 - 获取拓扑结构列表成功
2026-05-11 13:37:57.051 | INFO     | module_device.controller.topology_controller:get_topology_list:20 - 获取拓扑结构列表成功
2026-05-11 13:37:58.673 | INFO     | module_device.controller.device_controller:get_device_list:33 - 获取成功
2026-05-11 13:46:30.343 | INFO     | module_device.controller.topology_controller:get_topology_list:20 - 获取拓扑结构列表成功
2026-05-11 13:46:30.401 | INFO     | module_device.controller.topology_controller:get_topology_list:20 - 获取拓扑结构列表成功
2026-05-11 13:46:32.998 | INFO     | module_device.controller.device_controller:get_device_list:33 - 获取成功
2026-05-11 15:11:44.975 | ERROR    | exceptions.handle:exception_handler:70 - Excel file format cannot be determined, you must specify an engine manually.
Traceback (most recent call last):

  File "app.py", line 13, in <module>
    uvicorn.run(
    │       └ <function run at 0x7f8e91d280>
    └ <module 'uvicorn' from '/opt/bbms/web_source/web_backend/web-backend/.venv-lnx/lib/python3.8/site-packages/uvicorn/__init__.py'>

  File "/opt/bbms/web_source/web_backend/web-backend/.venv-lnx/lib/python3.8/site-packages/uvicorn/main.py", line 579, in run
    server.run()
    │      └ <function Server.run at 0x7f8e8f3430>
    └ <uvicorn.server.Server object at 0x7f8f1d4fd0>
  File "/opt/bbms/web_source/web_backend/web-backend/.venv-lnx/lib/python3.8/site-packages/uvicorn/server.py", line 65, in run
    return asyncio.run(self.serve(sockets=sockets))
           │       │   │    │             └ None
           │       │   │    └ <function Server.serve at 0x7f8e8f34c0>
           │       │   └ <uvicorn.server.Server object at 0x7f8f1d4fd0>
           │       └ <function run at 0x7f8f315700>
           └ <module 'asyncio' from '/usr/lib/python3.8/asyncio/__init__.py'>
  File "/usr/lib/python3.8/asyncio/runners.py", line 44, in run
    return loop.run_until_complete(main)
           │    │                  └ <coroutine object Server.serve at 0x7f79903a40>
           │    └ <cyfunction Loop.run_until_complete at 0x7f798f01c0>
           └ <uvloop.Loop running=True closed=False debug=False>
  File "/opt/bbms/web_source/web_backend/web-backend/.venv-lnx/lib/python3.8/site-packages/uvicorn/protocols/http/httptools_impl.py", line 409, in run_asgi
    result = await app(  # type: ignore[func-returns-value]
                   └ <uvicorn.middleware.proxy_headers.ProxyHeadersMiddleware object at 0x7f796930d0>
  File "/opt/bbms/web_source/web_backend/web-backend/.venv-lnx/lib/python3.8/site-packages/uvicorn/middleware/proxy_headers.py", line 60, in __call__
    return await self.app(scope, receive, send)
                 │    │   │      │        └ <bound method RequestResponseCycle.send of <uvicorn.protocols.http.httptools_impl.RequestResponseCycle object at 0x7f772272b0>>
                 │    │   │      └ <bound method RequestResponseCycle.receive of <uvicorn.protocols.http.httptools_impl.RequestResponseCycle object at 0x7f77227...
                 │    │   └ {'type': 'http', 'asgi': {'version': '3.0', 'spec_version': '2.3'}, 'http_version': '1.1', 'server': ('127.0.0.1', 9099), 'cl...
                 │    └ <fastapi.applications.FastAPI object at 0x7f8f3340d0>
                 └ <uvicorn.middleware.proxy_headers.ProxyHeadersMiddleware object at 0x7f796930d0>
  File "/opt/bbms/web_source/web_backend/web-backend/.venv-lnx/lib/python3.8/site-packages/fastapi/applications.py", line 1054, in __call__
    await super().__call__(scope, receive, send)
                           │      │        └ <bound method RequestResponseCycle.send of <uvicorn.protocols.http.httptools_impl.RequestResponseCycle object at 0x7f772272b0>>
                           │      └ <bound method RequestResponseCycle.receive of <uvicorn.protocols.http.httptools_impl.RequestResponseCycle object at 0x7f77227...
                           └ {'type': 'http', 'asgi': {'version': '3.0', 'spec_version': '2.3'}, 'http_version': '1.1', 'server': ('127.0.0.1', 9099), 'cl...
  File "/opt/bbms/web_source/web_backend/web-backend/.venv-lnx/lib/python3.8/site-packages/starlette/applications.py", line 113, in __call__
    await self.middleware_stack(scope, receive, send)
          │    │                │      │        └ <bound method RequestResponseCycle.send of <uvicorn.protocols.http.httptools_impl.RequestResponseCycle object at 0x7f772272b0>>
          │    │                │      └ <bound method RequestResponseCycle.receive of <uvicorn.protocols.http.httptools_impl.RequestResponseCycle object at 0x7f77227...
          │    │                └ {'type': 'http', 'asgi': {'version': '3.0', 'spec_version': '2.3'}, 'http_version': '1.1', 'server': ('127.0.0.1', 9099), 'cl...
          │    └ <starlette.middleware.errors.ServerErrorMiddleware object at 0x7f795ab580>
          └ <fastapi.applications.FastAPI object at 0x7f8f3340d0>
> File "/opt/bbms/web_source/web_backend/web-backend/.venv-lnx/lib/python3.8/site-packages/starlette/middleware/errors.py", line 165, in __call__
    await self.app(scope, receive, _send)
          │    │   │      │        └ <function ServerErrorMiddleware.__call__.<locals>._send at 0x7f772a79d0>
          │    │   │      └ <bound method RequestResponseCycle.receive of <uvicorn.protocols.http.httptools_impl.RequestResponseCycle object at 0x7f77227...
          │    │   └ {'type': 'http', 'asgi': {'version': '3.0', 'spec_version': '2.3'}, 'http_version': '1.1', 'server': ('127.0.0.1', 9099), 'cl...
          │    └ <starlette.middleware.gzip.GZipMiddleware object at 0x7f795ab520>
          └ <starlette.middleware.errors.ServerErrorMiddleware object at 0x7f795ab580>
  File "/opt/bbms/web_source/web_backend/web-backend/.venv-lnx/lib/python3.8/site-packages/starlette/middleware/gzip.py", line 20, in __call__
    await responder(scope, receive, send)
          │         │      │        └ <function ServerErrorMiddleware.__call__.<locals>._send at 0x7f772a79d0>
          │         │      └ <bound method RequestResponseCycle.receive of <uvicorn.protocols.http.httptools_impl.RequestResponseCycle object at 0x7f77227...
          │         └ {'type': 'http', 'asgi': {'version': '3.0', 'spec_version': '2.3'}, 'http_version': '1.1', 'server': ('127.0.0.1', 9099), 'cl...
          └ <starlette.middleware.gzip.GZipResponder object at 0x7f77289670>
  File "/opt/bbms/web_source/web_backend/web-backend/.venv-lnx/lib/python3.8/site-packages/starlette/middleware/gzip.py", line 39, in __call__
    await self.app(scope, receive, self.send_with_gzip)
          │    │   │      │        │    └ <function GZipResponder.send_with_gzip at 0x7f8d557160>
          │    │   │      │        └ <starlette.middleware.gzip.GZipResponder object at 0x7f77289670>
          │    │   │      └ <bound method RequestResponseCycle.receive of <uvicorn.protocols.http.httptools_impl.RequestResponseCycle object at 0x7f77227...
          │    │   └ {'type': 'http', 'asgi': {'version': '3.0', 'spec_version': '2.3'}, 'http_version': '1.1', 'server': ('127.0.0.1', 9099), 'cl...
          │    └ <starlette.middleware.cors.CORSMiddleware object at 0x7f795ab4f0>
          └ <starlette.middleware.gzip.GZipResponder object at 0x7f77289670>
  File "/opt/bbms/web_source/web_backend/web-backend/.venv-lnx/lib/python3.8/site-packages/starlette/middleware/cors.py", line 93, in __call__
    await self.simple_response(scope, receive, send, request_headers=headers)
          │    │               │      │        │                     └ Headers({'x-forwarded-host': 'localhost:9527', 'x-forwarded-proto': 'http', 'x-forwarded-port': '9527', 'x-forwarded-for': '1...
          │    │               │      │        └ <bound method GZipResponder.send_with_gzip of <starlette.middleware.gzip.GZipResponder object at 0x7f77289670>>
          │    │               │      └ <bound method RequestResponseCycle.receive of <uvicorn.protocols.http.httptools_impl.RequestResponseCycle object at 0x7f77227...
          │    │               └ {'type': 'http', 'asgi': {'version': '3.0', 'spec_version': '2.3'}, 'http_version': '1.1', 'server': ('127.0.0.1', 9099), 'cl...
          │    └ <function CORSMiddleware.simple_response at 0x7f8d54a0d0>
          └ <starlette.middleware.cors.CORSMiddleware object at 0x7f795ab4f0>
  File "/opt/bbms/web_source/web_backend/web-backend/.venv-lnx/lib/python3.8/site-packages/starlette/middleware/cors.py", line 144, in simple_response
    await self.app(scope, receive, send)
          │    │   │      │        └ functools.partial(<bound method CORSMiddleware.send of <starlette.middleware.cors.CORSMiddleware object at 0x7f795ab4f0>>, se...
          │    │   │      └ <bound method RequestResponseCycle.receive of <uvicorn.protocols.http.httptools_impl.RequestResponseCycle object at 0x7f77227...
          │    │   └ {'type': 'http', 'asgi': {'version': '3.0', 'spec_version': '2.3'}, 'http_version': '1.1', 'server': ('127.0.0.1', 9099), 'cl...
          │    └ <starlette.middleware.exceptions.ExceptionMiddleware object at 0x7f795ab490>
          └ <starlette.middleware.cors.CORSMiddleware object at 0x7f795ab4f0>
  File "/opt/bbms/web_source/web_backend/web-backend/.venv-lnx/lib/python3.8/site-packages/starlette/middleware/exceptions.py", line 62, in __call__
    await wrap_app_handling_exceptions(self.app, conn)(scope, receive, send)
          │                            │    │    │     │      │        └ functools.partial(<bound method CORSMiddleware.send of <starlette.middleware.cors.CORSMiddleware object at 0x7f795ab4f0>>, se...
          │                            │    │    │     │      └ <bound method RequestResponseCycle.receive of <uvicorn.protocols.http.httptools_impl.RequestResponseCycle object at 0x7f77227...
          │                            │    │    │     └ {'type': 'http', 'asgi': {'version': '3.0', 'spec_version': '2.3'}, 'http_version': '1.1', 'server': ('127.0.0.1', 9099), 'cl...
          │                            │    │    └ <starlette.requests.Request object at 0x7f77289df0>
          │                            │    └ <fastapi.routing.APIRouter object at 0x7f79d72820>
          │                            └ <starlette.middleware.exceptions.ExceptionMiddleware object at 0x7f795ab490>
          └ <function wrap_app_handling_exceptions at 0x7f8dbc1af0>
  File "/opt/bbms/web_source/web_backend/web-backend/.venv-lnx/lib/python3.8/site-packages/starlette/_exception_handler.py", line 62, in wrapped_app
    raise exc
  File "/opt/bbms/web_source/web_backend/web-backend/.venv-lnx/lib/python3.8/site-packages/starlette/_exception_handler.py", line 51, in wrapped_app
    await app(scope, receive, sender)
          │   │      │        └ <function wrap_app_handling_exceptions.<locals>.wrapped_app.<locals>.sender at 0x7f79539d30>
          │   │      └ <bound method RequestResponseCycle.receive of <uvicorn.protocols.http.httptools_impl.RequestResponseCycle object at 0x7f77227...
          │   └ {'type': 'http', 'asgi': {'version': '3.0', 'spec_version': '2.3'}, 'http_version': '1.1', 'server': ('127.0.0.1', 9099), 'cl...
          └ <fastapi.routing.APIRouter object at 0x7f79d72820>
  File "/opt/bbms/web_source/web_backend/web-backend/.venv-lnx/lib/python3.8/site-packages/starlette/routing.py", line 715, in __call__
    await self.middleware_stack(scope, receive, send)
          │    │                │      │        └ <function wrap_app_handling_exceptions.<locals>.wrapped_app.<locals>.sender at 0x7f79539d30>
          │    │                │      └ <bound method RequestResponseCycle.receive of <uvicorn.protocols.http.httptools_impl.RequestResponseCycle object at 0x7f77227...
          │    │                └ {'type': 'http', 'asgi': {'version': '3.0', 'spec_version': '2.3'}, 'http_version': '1.1', 'server': ('127.0.0.1', 9099), 'cl...
          │    └ <bound method Router.app of <fastapi.routing.APIRouter object at 0x7f79d72820>>
          └ <fastapi.routing.APIRouter object at 0x7f79d72820>
  File "/opt/bbms/web_source/web_backend/web-backend/.venv-lnx/lib/python3.8/site-packages/starlette/routing.py", line 735, in app
    await route.handle(scope, receive, send)
          │     │      │      │        └ <function wrap_app_handling_exceptions.<locals>.wrapped_app.<locals>.sender at 0x7f79539d30>
          │     │      │      └ <bound method RequestResponseCycle.receive of <uvicorn.protocols.http.httptools_impl.RequestResponseCycle object at 0x7f77227...
          │     │      └ {'type': 'http', 'asgi': {'version': '3.0', 'spec_version': '2.3'}, 'http_version': '1.1', 'server': ('127.0.0.1', 9099), 'cl...
          │     └ <function Route.handle at 0x7f8dbb8ee0>
          └ APIRoute(path='/device/import-points', name='batch_import_point', methods=['POST'])
  File "/opt/bbms/web_source/web_backend/web-backend/.venv-lnx/lib/python3.8/site-packages/starlette/routing.py", line 288, in handle
    await self.app(scope, receive, send)
          │    │   │      │        └ <function wrap_app_handling_exceptions.<locals>.wrapped_app.<locals>.sender at 0x7f79539d30>
          │    │   │      └ <bound method RequestResponseCycle.receive of <uvicorn.protocols.http.httptools_impl.RequestResponseCycle object at 0x7f77227...
          │    │   └ {'type': 'http', 'asgi': {'version': '3.0', 'spec_version': '2.3'}, 'http_version': '1.1', 'server': ('127.0.0.1', 9099), 'cl...
          │    └ <function request_response.<locals>.app at 0x7f79b98a60>
          └ APIRoute(path='/device/import-points', name='batch_import_point', methods=['POST'])
  File "/opt/bbms/web_source/web_backend/web-backend/.venv-lnx/lib/python3.8/site-packages/starlette/routing.py", line 76, in app
    await wrap_app_handling_exceptions(app, request)(scope, receive, send)
          │                            │    │        │      │        └ <function wrap_app_handling_exceptions.<locals>.wrapped_app.<locals>.sender at 0x7f79539d30>
          │                            │    │        │      └ <bound method RequestResponseCycle.receive of <uvicorn.protocols.http.httptools_impl.RequestResponseCycle object at 0x7f77227...
          │                            │    │        └ {'type': 'http', 'asgi': {'version': '3.0', 'spec_version': '2.3'}, 'http_version': '1.1', 'server': ('127.0.0.1', 9099), 'cl...
          │                            │    └ <starlette.requests.Request object at 0x7f77251640>
          │                            └ <function request_response.<locals>.app.<locals>.app at 0x7f771baee0>
          └ <function wrap_app_handling_exceptions at 0x7f8dbc1af0>
  File "/opt/bbms/web_source/web_backend/web-backend/.venv-lnx/lib/python3.8/site-packages/starlette/_exception_handler.py", line 62, in wrapped_app
    raise exc
  File "/opt/bbms/web_source/web_backend/web-backend/.venv-lnx/lib/python3.8/site-packages/starlette/_exception_handler.py", line 51, in wrapped_app
    await app(scope, receive, sender)
          │   │      │        └ <function wrap_app_handling_exceptions.<locals>.wrapped_app.<locals>.sender at 0x7f771ba5e0>
          │   │      └ <bound method RequestResponseCycle.receive of <uvicorn.protocols.http.httptools_impl.RequestResponseCycle object at 0x7f77227...
          │   └ {'type': 'http', 'asgi': {'version': '3.0', 'spec_version': '2.3'}, 'http_version': '1.1', 'server': ('127.0.0.1', 9099), 'cl...
          └ <function request_response.<locals>.app.<locals>.app at 0x7f771baee0>
  File "/opt/bbms/web_source/web_backend/web-backend/.venv-lnx/lib/python3.8/site-packages/starlette/routing.py", line 73, in app
    response = await f(request)
                     │ └ <starlette.requests.Request object at 0x7f77251640>
                     └ <function get_request_handler.<locals>.app at 0x7f79b98670>
  File "/opt/bbms/web_source/web_backend/web-backend/.venv-lnx/lib/python3.8/site-packages/fastapi/routing.py", line 301, in app
    raw_response = await run_endpoint_function(
                         └ <function run_endpoint_function at 0x7f8db3eaf0>
  File "/opt/bbms/web_source/web_backend/web-backend/.venv-lnx/lib/python3.8/site-packages/fastapi/routing.py", line 212, in run_endpoint_function
    return await dependant.call(**values)
                 │         │      └ {'query_db': <sqlalchemy.orm.session.Session object at 0x7f771d6f40>, 'device_id': 1, 'file': UploadFile(filename='devConSelf...
                 │         └ <function batch_import_point at 0x7f79eb0ee0>
                 └ Dependant(path_params=[], query_params=[ModelField(field_info=Query(PydanticUndefined), name='device_id', mode='validation')]...

  File "/opt/bbms/web_source/web_backend/web-backend/module_device/controller/device_controller.py", line 126, in batch_import_point
    batch_import_result = await ExcelService.batch_import_point_services(query_db, file, device_info.template_id, dev_dict)
                                │            │                           │         │     │           │            └ {'protocol_type': 0, 'dev_type': 0}
                                │            │                           │         │     │           └ 0
                                │            │                           │         │     └ DeviceCreateUpdateModel(id=1, sn='LOCAL001', type=0, code=1, name='Local system', protocol_type=0, template_id=0, sort_order=...
                                │            │                           │         └ UploadFile(filename='devConSelfInfoPoint.csv', size=15503, headers=Headers({'content-disposition': 'form-data; name="file"; f...
                                │            │                           └ <sqlalchemy.orm.session.Session object at 0x7f771d6f40>
                                │            └ <staticmethod object at 0x7f7a0376a0>
                                └ <class 'module_device.service.excel_service.ExcelService'>

  File "/opt/bbms/web_source/web_backend/web-backend/module_device/service/excel_service.py", line 108, in batch_import_point_services
    df = pd.read_excel(io.BytesIO(contents))
         │  │          │  │       └ b'\xef\xbb\xbfCode,Bit Number,Default Value,Name,Ename,Endian,Min Value,Data Type,Precision,Max Value,Attribute,Ratio,Unit,Fu...
         │  │          │  └ <class '_io.BytesIO'>
         │  │          └ <module 'io' from '/usr/lib/python3.8/io.py'>
         │  └ <function read_excel at 0x7f7b25a670>
         └ <module 'pandas' from '/opt/bbms/web_source/web_backend/web-backend/.venv-lnx/lib/python3.8/site-packages/pandas/__init__.py'>

  File "/opt/bbms/web_source/web_backend/web-backend/.venv-lnx/lib/python3.8/site-packages/pandas/io/excel/_base.py", line 478, in read_excel
    io = ExcelFile(io, storage_options=storage_options, engine=engine)
         │         │                   │                       └ None
         │         │                   └ None
         │         └ <_io.BytesIO object at 0x7f772988b0>
         └ <class 'pandas.io.excel._base.ExcelFile'>
  File "/opt/bbms/web_source/web_backend/web-backend/.venv-lnx/lib/python3.8/site-packages/pandas/io/excel/_base.py", line 1500, in __init__
    raise ValueError(

ValueError: Excel file format cannot be determined, you must specify an engine manually.
2026-05-11 15:12:11.581 | ERROR    | exceptions.handle:exception_handler:70 - Excel file format cannot be determined, you must specify an engine manually.
Traceback (most recent call last):

  File "app.py", line 13, in <module>
    uvicorn.run(
    │       └ <function run at 0x7f8e91d280>
    └ <module 'uvicorn' from '/opt/bbms/web_source/web_backend/web-backend/.venv-lnx/lib/python3.8/site-packages/uvicorn/__init__.py'>

  File "/opt/bbms/web_source/web_backend/web-backend/.venv-lnx/lib/python3.8/site-packages/uvicorn/main.py", line 579, in run
    server.run()
    │      └ <function Server.run at 0x7f8e8f3430>
    └ <uvicorn.server.Server object at 0x7f8f1d4fd0>
  File "/opt/bbms/web_source/web_backend/web-backend/.venv-lnx/lib/python3.8/site-packages/uvicorn/server.py", line 65, in run
    return asyncio.run(self.serve(sockets=sockets))
           │       │   │    │             └ None
           │       │   │    └ <function Server.serve at 0x7f8e8f34c0>
           │       │   └ <uvicorn.server.Server object at 0x7f8f1d4fd0>
           │       └ <function run at 0x7f8f315700>
           └ <module 'asyncio' from '/usr/lib/python3.8/asyncio/__init__.py'>
  File "/usr/lib/python3.8/asyncio/runners.py", line 44, in run
    return loop.run_until_complete(main)
           │    │                  └ <coroutine object Server.serve at 0x7f79903a40>
           │    └ <cyfunction Loop.run_until_complete at 0x7f798f01c0>
           └ <uvloop.Loop running=True closed=False debug=False>
  File "/opt/bbms/web_source/web_backend/web-backend/.venv-lnx/lib/python3.8/site-packages/uvicorn/protocols/http/httptools_impl.py", line 409, in run_asgi
    result = await app(  # type: ignore[func-returns-value]
                   └ <uvicorn.middleware.proxy_headers.ProxyHeadersMiddleware object at 0x7f796930d0>
  File "/opt/bbms/web_source/web_backend/web-backend/.venv-lnx/lib/python3.8/site-packages/uvicorn/middleware/proxy_headers.py", line 60, in __call__
    return await self.app(scope, receive, send)
                 │    │   │      │        └ <bound method RequestResponseCycle.send of <uvicorn.protocols.http.httptools_impl.RequestResponseCycle object at 0x7f771ece80>>
                 │    │   │      └ <bound method RequestResponseCycle.receive of <uvicorn.protocols.http.httptools_impl.RequestResponseCycle object at 0x7f771ec...
                 │    │   └ {'type': 'http', 'asgi': {'version': '3.0', 'spec_version': '2.3'}, 'http_version': '1.1', 'server': ('127.0.0.1', 9099), 'cl...
                 │    └ <fastapi.applications.FastAPI object at 0x7f8f3340d0>
                 └ <uvicorn.middleware.proxy_headers.ProxyHeadersMiddleware object at 0x7f796930d0>
  File "/opt/bbms/web_source/web_backend/web-backend/.venv-lnx/lib/python3.8/site-packages/fastapi/applications.py", line 1054, in __call__
    await super().__call__(scope, receive, send)
                           │      │        └ <bound method RequestResponseCycle.send of <uvicorn.protocols.http.httptools_impl.RequestResponseCycle object at 0x7f771ece80>>
                           │      └ <bound method RequestResponseCycle.receive of <uvicorn.protocols.http.httptools_impl.RequestResponseCycle object at 0x7f771ec...
                           └ {'type': 'http', 'asgi': {'version': '3.0', 'spec_version': '2.3'}, 'http_version': '1.1', 'server': ('127.0.0.1', 9099), 'cl...
  File "/opt/bbms/web_source/web_backend/web-backend/.venv-lnx/lib/python3.8/site-packages/starlette/applications.py", line 113, in __call__
    await self.middleware_stack(scope, receive, send)
          │    │                │      │        └ <bound method RequestResponseCycle.send of <uvicorn.protocols.http.httptools_impl.RequestResponseCycle object at 0x7f771ece80>>
          │    │                │      └ <bound method RequestResponseCycle.receive of <uvicorn.protocols.http.httptools_impl.RequestResponseCycle object at 0x7f771ec...
          │    │                └ {'type': 'http', 'asgi': {'version': '3.0', 'spec_version': '2.3'}, 'http_version': '1.1', 'server': ('127.0.0.1', 9099), 'cl...
          │    └ <starlette.middleware.errors.ServerErrorMiddleware object at 0x7f795ab580>
          └ <fastapi.applications.FastAPI object at 0x7f8f3340d0>
> File "/opt/bbms/web_source/web_backend/web-backend/.venv-lnx/lib/python3.8/site-packages/starlette/middleware/errors.py", line 165, in __call__
    await self.app(scope, receive, _send)
          │    │   │      │        └ <function ServerErrorMiddleware.__call__.<locals>._send at 0x7f770a95e0>
          │    │   │      └ <bound method RequestResponseCycle.receive of <uvicorn.protocols.http.httptools_impl.RequestResponseCycle object at 0x7f771ec...
          │    │   └ {'type': 'http', 'asgi': {'version': '3.0', 'spec_version': '2.3'}, 'http_version': '1.1', 'server': ('127.0.0.1', 9099), 'cl...
          │    └ <starlette.middleware.gzip.GZipMiddleware object at 0x7f795ab520>
          └ <starlette.middleware.errors.ServerErrorMiddleware object at 0x7f795ab580>
  File "/opt/bbms/web_source/web_backend/web-backend/.venv-lnx/lib/python3.8/site-packages/starlette/middleware/gzip.py", line 20, in __call__
    await responder(scope, receive, send)
          │         │      │        └ <function ServerErrorMiddleware.__call__.<locals>._send at 0x7f770a95e0>
          │         │      └ <bound method RequestResponseCycle.receive of <uvicorn.protocols.http.httptools_impl.RequestResponseCycle object at 0x7f771ec...
          │         └ {'type': 'http', 'asgi': {'version': '3.0', 'spec_version': '2.3'}, 'http_version': '1.1', 'server': ('127.0.0.1', 9099), 'cl...
          └ <starlette.middleware.gzip.GZipResponder object at 0x7f771ec370>
  File "/opt/bbms/web_source/web_backend/web-backend/.venv-lnx/lib/python3.8/site-packages/starlette/middleware/gzip.py", line 39, in __call__
    await self.app(scope, receive, self.send_with_gzip)
          │    │   │      │        │    └ <function GZipResponder.send_with_gzip at 0x7f8d557160>
          │    │   │      │        └ <starlette.middleware.gzip.GZipResponder object at 0x7f771ec370>
          │    │   │      └ <bound method RequestResponseCycle.receive of <uvicorn.protocols.http.httptools_impl.RequestResponseCycle object at 0x7f771ec...
          │    │   └ {'type': 'http', 'asgi': {'version': '3.0', 'spec_version': '2.3'}, 'http_version': '1.1', 'server': ('127.0.0.1', 9099), 'cl...
          │    └ <starlette.middleware.cors.CORSMiddleware object at 0x7f795ab4f0>
          └ <starlette.middleware.gzip.GZipResponder object at 0x7f771ec370>
  File "/opt/bbms/web_source/web_backend/web-backend/.venv-lnx/lib/python3.8/site-packages/starlette/middleware/cors.py", line 93, in __call__
    await self.simple_response(scope, receive, send, request_headers=headers)
          │    │               │      │        │                     └ Headers({'x-forwarded-host': 'localhost:9527', 'x-forwarded-proto': 'http', 'x-forwarded-port': '9527', 'x-forwarded-for': '1...
          │    │               │      │        └ <bound method GZipResponder.send_with_gzip of <starlette.middleware.gzip.GZipResponder object at 0x7f771ec370>>
          │    │               │      └ <bound method RequestResponseCycle.receive of <uvicorn.protocols.http.httptools_impl.RequestResponseCycle object at 0x7f771ec...
          │    │               └ {'type': 'http', 'asgi': {'version': '3.0', 'spec_version': '2.3'}, 'http_version': '1.1', 'server': ('127.0.0.1', 9099), 'cl...
          │    └ <function CORSMiddleware.simple_response at 0x7f8d54a0d0>
          └ <starlette.middleware.cors.CORSMiddleware object at 0x7f795ab4f0>
  File "/opt/bbms/web_source/web_backend/web-backend/.venv-lnx/lib/python3.8/site-packages/starlette/middleware/cors.py", line 144, in simple_response
    await self.app(scope, receive, send)
          │    │   │      │        └ functools.partial(<bound method CORSMiddleware.send of <starlette.middleware.cors.CORSMiddleware object at 0x7f795ab4f0>>, se...
          │    │   │      └ <bound method RequestResponseCycle.receive of <uvicorn.protocols.http.httptools_impl.RequestResponseCycle object at 0x7f771ec...
          │    │   └ {'type': 'http', 'asgi': {'version': '3.0', 'spec_version': '2.3'}, 'http_version': '1.1', 'server': ('127.0.0.1', 9099), 'cl...
          │    └ <starlette.middleware.exceptions.ExceptionMiddleware object at 0x7f795ab490>
          └ <starlette.middleware.cors.CORSMiddleware object at 0x7f795ab4f0>
  File "/opt/bbms/web_source/web_backend/web-backend/.venv-lnx/lib/python3.8/site-packages/starlette/middleware/exceptions.py", line 62, in __call__
    await wrap_app_handling_exceptions(self.app, conn)(scope, receive, send)
          │                            │    │    │     │      │        └ functools.partial(<bound method CORSMiddleware.send of <starlette.middleware.cors.CORSMiddleware object at 0x7f795ab4f0>>, se...
          │                            │    │    │     │      └ <bound method RequestResponseCycle.receive of <uvicorn.protocols.http.httptools_impl.RequestResponseCycle object at 0x7f771ec...
          │                            │    │    │     └ {'type': 'http', 'asgi': {'version': '3.0', 'spec_version': '2.3'}, 'http_version': '1.1', 'server': ('127.0.0.1', 9099), 'cl...
          │                            │    │    └ <starlette.requests.Request object at 0x7f771ec790>
          │                            │    └ <fastapi.routing.APIRouter object at 0x7f79d72820>
          │                            └ <starlette.middleware.exceptions.ExceptionMiddleware object at 0x7f795ab490>
          └ <function wrap_app_handling_exceptions at 0x7f8dbc1af0>
  File "/opt/bbms/web_source/web_backend/web-backend/.venv-lnx/lib/python3.8/site-packages/starlette/_exception_handler.py", line 62, in wrapped_app
    raise exc
  File "/opt/bbms/web_source/web_backend/web-backend/.venv-lnx/lib/python3.8/site-packages/starlette/_exception_handler.py", line 51, in wrapped_app
    await app(scope, receive, sender)
          │   │      │        └ <function wrap_app_handling_exceptions.<locals>.wrapped_app.<locals>.sender at 0x7f770a9670>
          │   │      └ <bound method RequestResponseCycle.receive of <uvicorn.protocols.http.httptools_impl.RequestResponseCycle object at 0x7f771ec...
          │   └ {'type': 'http', 'asgi': {'version': '3.0', 'spec_version': '2.3'}, 'http_version': '1.1', 'server': ('127.0.0.1', 9099), 'cl...
          └ <fastapi.routing.APIRouter object at 0x7f79d72820>
  File "/opt/bbms/web_source/web_backend/web-backend/.venv-lnx/lib/python3.8/site-packages/starlette/routing.py", line 715, in __call__
    await self.middleware_stack(scope, receive, send)
          │    │                │      │        └ <function wrap_app_handling_exceptions.<locals>.wrapped_app.<locals>.sender at 0x7f770a9670>
          │    │                │      └ <bound method RequestResponseCycle.receive of <uvicorn.protocols.http.httptools_impl.RequestResponseCycle object at 0x7f771ec...
          │    │                └ {'type': 'http', 'asgi': {'version': '3.0', 'spec_version': '2.3'}, 'http_version': '1.1', 'server': ('127.0.0.1', 9099), 'cl...
          │    └ <bound method Router.app of <fastapi.routing.APIRouter object at 0x7f79d72820>>
          └ <fastapi.routing.APIRouter object at 0x7f79d72820>
  File "/opt/bbms/web_source/web_backend/web-backend/.venv-lnx/lib/python3.8/site-packages/starlette/routing.py", line 735, in app
    await route.handle(scope, receive, send)
          │     │      │      │        └ <function wrap_app_handling_exceptions.<locals>.wrapped_app.<locals>.sender at 0x7f770a9670>
          │     │      │      └ <bound method RequestResponseCycle.receive of <uvicorn.protocols.http.httptools_impl.RequestResponseCycle object at 0x7f771ec...
          │     │      └ {'type': 'http', 'asgi': {'version': '3.0', 'spec_version': '2.3'}, 'http_version': '1.1', 'server': ('127.0.0.1', 9099), 'cl...
          │     └ <function Route.handle at 0x7f8dbb8ee0>
          └ APIRoute(path='/device/import-points', name='batch_import_point', methods=['POST'])
  File "/opt/bbms/web_source/web_backend/web-backend/.venv-lnx/lib/python3.8/site-packages/starlette/routing.py", line 288, in handle
    await self.app(scope, receive, send)
          │    │   │      │        └ <function wrap_app_handling_exceptions.<locals>.wrapped_app.<locals>.sender at 0x7f770a9670>
          │    │   │      └ <bound method RequestResponseCycle.receive of <uvicorn.protocols.http.httptools_impl.RequestResponseCycle object at 0x7f771ec...
          │    │   └ {'type': 'http', 'asgi': {'version': '3.0', 'spec_version': '2.3'}, 'http_version': '1.1', 'server': ('127.0.0.1', 9099), 'cl...
          │    └ <function request_response.<locals>.app at 0x7f79b98a60>
          └ APIRoute(path='/device/import-points', name='batch_import_point', methods=['POST'])
  File "/opt/bbms/web_source/web_backend/web-backend/.venv-lnx/lib/python3.8/site-packages/starlette/routing.py", line 76, in app
    await wrap_app_handling_exceptions(app, request)(scope, receive, send)
          │                            │    │        │      │        └ <function wrap_app_handling_exceptions.<locals>.wrapped_app.<locals>.sender at 0x7f770a9670>
          │                            │    │        │      └ <bound method RequestResponseCycle.receive of <uvicorn.protocols.http.httptools_impl.RequestResponseCycle object at 0x7f771ec...
          │                            │    │        └ {'type': 'http', 'asgi': {'version': '3.0', 'spec_version': '2.3'}, 'http_version': '1.1', 'server': ('127.0.0.1', 9099), 'cl...
          │                            │    └ <starlette.requests.Request object at 0x7f771ec040>
          │                            └ <function request_response.<locals>.app.<locals>.app at 0x7f770a9550>
          └ <function wrap_app_handling_exceptions at 0x7f8dbc1af0>
  File "/opt/bbms/web_source/web_backend/web-backend/.venv-lnx/lib/python3.8/site-packages/starlette/_exception_handler.py", line 62, in wrapped_app
    raise exc
  File "/opt/bbms/web_source/web_backend/web-backend/.venv-lnx/lib/python3.8/site-packages/starlette/_exception_handler.py", line 51, in wrapped_app
    await app(scope, receive, sender)
          │   │      │        └ <function wrap_app_handling_exceptions.<locals>.wrapped_app.<locals>.sender at 0x7f772470d0>
          │   │      └ <bound method RequestResponseCycle.receive of <uvicorn.protocols.http.httptools_impl.RequestResponseCycle object at 0x7f771ec...
          │   └ {'type': 'http', 'asgi': {'version': '3.0', 'spec_version': '2.3'}, 'http_version': '1.1', 'server': ('127.0.0.1', 9099), 'cl...
          └ <function request_response.<locals>.app.<locals>.app at 0x7f770a9550>
  File "/opt/bbms/web_source/web_backend/web-backend/.venv-lnx/lib/python3.8/site-packages/starlette/routing.py", line 73, in app
    response = await f(request)
                     │ └ <starlette.requests.Request object at 0x7f771ec040>
                     └ <function get_request_handler.<locals>.app at 0x7f79b98670>
  File "/opt/bbms/web_source/web_backend/web-backend/.venv-lnx/lib/python3.8/site-packages/fastapi/routing.py", line 301, in app
    raw_response = await run_endpoint_function(
                         └ <function run_endpoint_function at 0x7f8db3eaf0>
  File "/opt/bbms/web_source/web_backend/web-backend/.venv-lnx/lib/python3.8/site-packages/fastapi/routing.py", line 212, in run_endpoint_function
    return await dependant.call(**values)
                 │         │      └ {'query_db': <sqlalchemy.orm.session.Session object at 0x7f772a5f10>, 'device_id': 1, 'file': UploadFile(filename='devConSelf...
                 │         └ <function batch_import_point at 0x7f79eb0ee0>
                 └ Dependant(path_params=[], query_params=[ModelField(field_info=Query(PydanticUndefined), name='device_id', mode='validation')]...

  File "/opt/bbms/web_source/web_backend/web-backend/module_device/controller/device_controller.py", line 126, in batch_import_point
    batch_import_result = await ExcelService.batch_import_point_services(query_db, file, device_info.template_id, dev_dict)
                                │            │                           │         │     │           │            └ {'protocol_type': 0, 'dev_type': 0}
                                │            │                           │         │     │           └ 0
                                │            │                           │         │     └ DeviceCreateUpdateModel(id=1, sn='LOCAL001', type=0, code=1, name='Local system', protocol_type=0, template_id=0, sort_order=...
                                │            │                           │         └ UploadFile(filename='devConSelfInfoPoint.xlsx', size=15503, headers=Headers({'content-disposition': 'form-data; name="file"; ...
                                │            │                           └ <sqlalchemy.orm.session.Session object at 0x7f772a5f10>
                                │            └ <staticmethod object at 0x7f7a0376a0>
                                └ <class 'module_device.service.excel_service.ExcelService'>

  File "/opt/bbms/web_source/web_backend/web-backend/module_device/service/excel_service.py", line 108, in batch_import_point_services
    df = pd.read_excel(io.BytesIO(contents))
         │  │          │  │       └ b'\xef\xbb\xbfCode,Bit Number,Default Value,Name,Ename,Endian,Min Value,Data Type,Precision,Max Value,Attribute,Ratio,Unit,Fu...
         │  │          │  └ <class '_io.BytesIO'>
         │  │          └ <module 'io' from '/usr/lib/python3.8/io.py'>
         │  └ <function read_excel at 0x7f7b25a670>
         └ <module 'pandas' from '/opt/bbms/web_source/web_backend/web-backend/.venv-lnx/lib/python3.8/site-packages/pandas/__init__.py'>

  File "/opt/bbms/web_source/web_backend/web-backend/.venv-lnx/lib/python3.8/site-packages/pandas/io/excel/_base.py", line 478, in read_excel
    io = ExcelFile(io, storage_options=storage_options, engine=engine)
         │         │                   │                       └ None
         │         │                   └ None
         │         └ <_io.BytesIO object at 0x7f755fb220>
         └ <class 'pandas.io.excel._base.ExcelFile'>
  File "/opt/bbms/web_source/web_backend/web-backend/.venv-lnx/lib/python3.8/site-packages/pandas/io/excel/_base.py", line 1500, in __init__
    raise ValueError(

ValueError: Excel file format cannot be determined, you must specify an engine manually.
2026-05-11 15:23:16.534 | ERROR    | exceptions.handle:exception_handler:70 - Excel file format cannot be determined, you must specify an engine manually.
Traceback (most recent call last):

  File "app.py", line 13, in <module>
    uvicorn.run(
    │       └ <function run at 0x7f8e91d280>
    └ <module 'uvicorn' from '/opt/bbms/web_source/web_backend/web-backend/.venv-lnx/lib/python3.8/site-packages/uvicorn/__init__.py'>

  File "/opt/bbms/web_source/web_backend/web-backend/.venv-lnx/lib/python3.8/site-packages/uvicorn/main.py", line 579, in run
    server.run()
    │      └ <function Server.run at 0x7f8e8f3430>
    └ <uvicorn.server.Server object at 0x7f8f1d4fd0>
  File "/opt/bbms/web_source/web_backend/web-backend/.venv-lnx/lib/python3.8/site-packages/uvicorn/server.py", line 65, in run
    return asyncio.run(self.serve(sockets=sockets))
           │       │   │    │             └ None
           │       │   │    └ <function Server.serve at 0x7f8e8f34c0>
           │       │   └ <uvicorn.server.Server object at 0x7f8f1d4fd0>
           │       └ <function run at 0x7f8f315700>
           └ <module 'asyncio' from '/usr/lib/python3.8/asyncio/__init__.py'>
  File "/usr/lib/python3.8/asyncio/runners.py", line 44, in run
    return loop.run_until_complete(main)
           │    │                  └ <coroutine object Server.serve at 0x7f79903a40>
           │    └ <cyfunction Loop.run_until_complete at 0x7f798f01c0>
           └ <uvloop.Loop running=True closed=False debug=False>
  File "/opt/bbms/web_source/web_backend/web-backend/.venv-lnx/lib/python3.8/site-packages/uvicorn/protocols/http/httptools_impl.py", line 409, in run_asgi
    result = await app(  # type: ignore[func-returns-value]
                   └ <uvicorn.middleware.proxy_headers.ProxyHeadersMiddleware object at 0x7f796930d0>
  File "/opt/bbms/web_source/web_backend/web-backend/.venv-lnx/lib/python3.8/site-packages/uvicorn/middleware/proxy_headers.py", line 60, in __call__
    return await self.app(scope, receive, send)
                 │    │   │      │        └ <bound method RequestResponseCycle.send of <uvicorn.protocols.http.httptools_impl.RequestResponseCycle object at 0x7f755f3280>>
                 │    │   │      └ <bound method RequestResponseCycle.receive of <uvicorn.protocols.http.httptools_impl.RequestResponseCycle object at 0x7f755f3...
                 │    │   └ {'type': 'http', 'asgi': {'version': '3.0', 'spec_version': '2.3'}, 'http_version': '1.1', 'server': ('127.0.0.1', 9099), 'cl...
                 │    └ <fastapi.applications.FastAPI object at 0x7f8f3340d0>
                 └ <uvicorn.middleware.proxy_headers.ProxyHeadersMiddleware object at 0x7f796930d0>
  File "/opt/bbms/web_source/web_backend/web-backend/.venv-lnx/lib/python3.8/site-packages/fastapi/applications.py", line 1054, in __call__
    await super().__call__(scope, receive, send)
                           │      │        └ <bound method RequestResponseCycle.send of <uvicorn.protocols.http.httptools_impl.RequestResponseCycle object at 0x7f755f3280>>
                           │      └ <bound method RequestResponseCycle.receive of <uvicorn.protocols.http.httptools_impl.RequestResponseCycle object at 0x7f755f3...
                           └ {'type': 'http', 'asgi': {'version': '3.0', 'spec_version': '2.3'}, 'http_version': '1.1', 'server': ('127.0.0.1', 9099), 'cl...
  File "/opt/bbms/web_source/web_backend/web-backend/.venv-lnx/lib/python3.8/site-packages/starlette/applications.py", line 113, in __call__
    await self.middleware_stack(scope, receive, send)
          │    │                │      │        └ <bound method RequestResponseCycle.send of <uvicorn.protocols.http.httptools_impl.RequestResponseCycle object at 0x7f755f3280>>
          │    │                │      └ <bound method RequestResponseCycle.receive of <uvicorn.protocols.http.httptools_impl.RequestResponseCycle object at 0x7f755f3...
          │    │                └ {'type': 'http', 'asgi': {'version': '3.0', 'spec_version': '2.3'}, 'http_version': '1.1', 'server': ('127.0.0.1', 9099), 'cl...
          │    └ <starlette.middleware.errors.ServerErrorMiddleware object at 0x7f795ab580>
          └ <fastapi.applications.FastAPI object at 0x7f8f3340d0>
> File "/opt/bbms/web_source/web_backend/web-backend/.venv-lnx/lib/python3.8/site-packages/starlette/middleware/errors.py", line 165, in __call__
    await self.app(scope, receive, _send)
          │    │   │      │        └ <function ServerErrorMiddleware.__call__.<locals>._send at 0x7f771ba940>
          │    │   │      └ <bound method RequestResponseCycle.receive of <uvicorn.protocols.http.httptools_impl.RequestResponseCycle object at 0x7f755f3...
          │    │   └ {'type': 'http', 'asgi': {'version': '3.0', 'spec_version': '2.3'}, 'http_version': '1.1', 'server': ('127.0.0.1', 9099), 'cl...
          │    └ <starlette.middleware.gzip.GZipMiddleware object at 0x7f795ab520>
          └ <starlette.middleware.errors.ServerErrorMiddleware object at 0x7f795ab580>
  File "/opt/bbms/web_source/web_backend/web-backend/.venv-lnx/lib/python3.8/site-packages/starlette/middleware/gzip.py", line 20, in __call__
    await responder(scope, receive, send)
          │         │      │        └ <function ServerErrorMiddleware.__call__.<locals>._send at 0x7f771ba940>
          │         │      └ <bound method RequestResponseCycle.receive of <uvicorn.protocols.http.httptools_impl.RequestResponseCycle object at 0x7f755f3...
          │         └ {'type': 'http', 'asgi': {'version': '3.0', 'spec_version': '2.3'}, 'http_version': '1.1', 'server': ('127.0.0.1', 9099), 'cl...
          └ <starlette.middleware.gzip.GZipResponder object at 0x7f755f3250>
  File "/opt/bbms/web_source/web_backend/web-backend/.venv-lnx/lib/python3.8/site-packages/starlette/middleware/gzip.py", line 39, in __call__
    await self.app(scope, receive, self.send_with_gzip)
          │    │   │      │        │    └ <function GZipResponder.send_with_gzip at 0x7f8d557160>
          │    │   │      │        └ <starlette.middleware.gzip.GZipResponder object at 0x7f755f3250>
          │    │   │      └ <bound method RequestResponseCycle.receive of <uvicorn.protocols.http.httptools_impl.RequestResponseCycle object at 0x7f755f3...
          │    │   └ {'type': 'http', 'asgi': {'version': '3.0', 'spec_version': '2.3'}, 'http_version': '1.1', 'server': ('127.0.0.1', 9099), 'cl...
          │    └ <starlette.middleware.cors.CORSMiddleware object at 0x7f795ab4f0>
          └ <starlette.middleware.gzip.GZipResponder object at 0x7f755f3250>
  File "/opt/bbms/web_source/web_backend/web-backend/.venv-lnx/lib/python3.8/site-packages/starlette/middleware/cors.py", line 93, in __call__
    await self.simple_response(scope, receive, send, request_headers=headers)
          │    │               │      │        │                     └ Headers({'x-forwarded-host': 'localhost:9527', 'x-forwarded-proto': 'http', 'x-forwarded-port': '9527', 'x-forwarded-for': '1...
          │    │               │      │        └ <bound method GZipResponder.send_with_gzip of <starlette.middleware.gzip.GZipResponder object at 0x7f755f3250>>
          │    │               │      └ <bound method RequestResponseCycle.receive of <uvicorn.protocols.http.httptools_impl.RequestResponseCycle object at 0x7f755f3...
          │    │               └ {'type': 'http', 'asgi': {'version': '3.0', 'spec_version': '2.3'}, 'http_version': '1.1', 'server': ('127.0.0.1', 9099), 'cl...
          │    └ <function CORSMiddleware.simple_response at 0x7f8d54a0d0>
          └ <starlette.middleware.cors.CORSMiddleware object at 0x7f795ab4f0>
  File "/opt/bbms/web_source/web_backend/web-backend/.venv-lnx/lib/python3.8/site-packages/starlette/middleware/cors.py", line 144, in simple_response
    await self.app(scope, receive, send)
          │    │   │      │        └ functools.partial(<bound method CORSMiddleware.send of <starlette.middleware.cors.CORSMiddleware object at 0x7f795ab4f0>>, se...
          │    │   │      └ <bound method RequestResponseCycle.receive of <uvicorn.protocols.http.httptools_impl.RequestResponseCycle object at 0x7f755f3...
          │    │   └ {'type': 'http', 'asgi': {'version': '3.0', 'spec_version': '2.3'}, 'http_version': '1.1', 'server': ('127.0.0.1', 9099), 'cl...
          │    └ <starlette.middleware.exceptions.ExceptionMiddleware object at 0x7f795ab490>
          └ <starlette.middleware.cors.CORSMiddleware object at 0x7f795ab4f0>
  File "/opt/bbms/web_source/web_backend/web-backend/.venv-lnx/lib/python3.8/site-packages/starlette/middleware/exceptions.py", line 62, in __call__
    await wrap_app_handling_exceptions(self.app, conn)(scope, receive, send)
          │                            │    │    │     │      │        └ functools.partial(<bound method CORSMiddleware.send of <starlette.middleware.cors.CORSMiddleware object at 0x7f795ab4f0>>, se...
          │                            │    │    │     │      └ <bound method RequestResponseCycle.receive of <uvicorn.protocols.http.httptools_impl.RequestResponseCycle object at 0x7f755f3...
          │                            │    │    │     └ {'type': 'http', 'asgi': {'version': '3.0', 'spec_version': '2.3'}, 'http_version': '1.1', 'server': ('127.0.0.1', 9099), 'cl...
          │                            │    │    └ <starlette.requests.Request object at 0x7f755f3370>
          │                            │    └ <fastapi.routing.APIRouter object at 0x7f79d72820>
          │                            └ <starlette.middleware.exceptions.ExceptionMiddleware object at 0x7f795ab490>
          └ <function wrap_app_handling_exceptions at 0x7f8dbc1af0>
  File "/opt/bbms/web_source/web_backend/web-backend/.venv-lnx/lib/python3.8/site-packages/starlette/_exception_handler.py", line 62, in wrapped_app
    raise exc
  File "/opt/bbms/web_source/web_backend/web-backend/.venv-lnx/lib/python3.8/site-packages/starlette/_exception_handler.py", line 51, in wrapped_app
    await app(scope, receive, sender)
          │   │      │        └ <function wrap_app_handling_exceptions.<locals>.wrapped_app.<locals>.sender at 0x7f771baca0>
          │   │      └ <bound method RequestResponseCycle.receive of <uvicorn.protocols.http.httptools_impl.RequestResponseCycle object at 0x7f755f3...
          │   └ {'type': 'http', 'asgi': {'version': '3.0', 'spec_version': '2.3'}, 'http_version': '1.1', 'server': ('127.0.0.1', 9099), 'cl...
          └ <fastapi.routing.APIRouter object at 0x7f79d72820>
  File "/opt/bbms/web_source/web_backend/web-backend/.venv-lnx/lib/python3.8/site-packages/starlette/routing.py", line 715, in __call__
    await self.middleware_stack(scope, receive, send)
          │    │                │      │        └ <function wrap_app_handling_exceptions.<locals>.wrapped_app.<locals>.sender at 0x7f771baca0>
          │    │                │      └ <bound method RequestResponseCycle.receive of <uvicorn.protocols.http.httptools_impl.RequestResponseCycle object at 0x7f755f3...
          │    │                └ {'type': 'http', 'asgi': {'version': '3.0', 'spec_version': '2.3'}, 'http_version': '1.1', 'server': ('127.0.0.1', 9099), 'cl...
          │    └ <bound method Router.app of <fastapi.routing.APIRouter object at 0x7f79d72820>>
          └ <fastapi.routing.APIRouter object at 0x7f79d72820>
  File "/opt/bbms/web_source/web_backend/web-backend/.venv-lnx/lib/python3.8/site-packages/starlette/routing.py", line 735, in app
    await route.handle(scope, receive, send)
          │     │      │      │        └ <function wrap_app_handling_exceptions.<locals>.wrapped_app.<locals>.sender at 0x7f771baca0>
          │     │      │      └ <bound method RequestResponseCycle.receive of <uvicorn.protocols.http.httptools_impl.RequestResponseCycle object at 0x7f755f3...
          │     │      └ {'type': 'http', 'asgi': {'version': '3.0', 'spec_version': '2.3'}, 'http_version': '1.1', 'server': ('127.0.0.1', 9099), 'cl...
          │     └ <function Route.handle at 0x7f8dbb8ee0>
          └ APIRoute(path='/device/import-points', name='batch_import_point', methods=['POST'])
  File "/opt/bbms/web_source/web_backend/web-backend/.venv-lnx/lib/python3.8/site-packages/starlette/routing.py", line 288, in handle
    await self.app(scope, receive, send)
          │    │   │      │        └ <function wrap_app_handling_exceptions.<locals>.wrapped_app.<locals>.sender at 0x7f771baca0>
          │    │   │      └ <bound method RequestResponseCycle.receive of <uvicorn.protocols.http.httptools_impl.RequestResponseCycle object at 0x7f755f3...
          │    │   └ {'type': 'http', 'asgi': {'version': '3.0', 'spec_version': '2.3'}, 'http_version': '1.1', 'server': ('127.0.0.1', 9099), 'cl...
          │    └ <function request_response.<locals>.app at 0x7f79b98a60>
          └ APIRoute(path='/device/import-points', name='batch_import_point', methods=['POST'])
  File "/opt/bbms/web_source/web_backend/web-backend/.venv-lnx/lib/python3.8/site-packages/starlette/routing.py", line 76, in app
    await wrap_app_handling_exceptions(app, request)(scope, receive, send)
          │                            │    │        │      │        └ <function wrap_app_handling_exceptions.<locals>.wrapped_app.<locals>.sender at 0x7f771baca0>
          │                            │    │        │      └ <bound method RequestResponseCycle.receive of <uvicorn.protocols.http.httptools_impl.RequestResponseCycle object at 0x7f755f3...
          │                            │    │        └ {'type': 'http', 'asgi': {'version': '3.0', 'spec_version': '2.3'}, 'http_version': '1.1', 'server': ('127.0.0.1', 9099), 'cl...
          │                            │    └ <starlette.requests.Request object at 0x7f755f37c0>
          │                            └ <function request_response.<locals>.app.<locals>.app at 0x7f755e7d30>
          └ <function wrap_app_handling_exceptions at 0x7f8dbc1af0>
  File "/opt/bbms/web_source/web_backend/web-backend/.venv-lnx/lib/python3.8/site-packages/starlette/_exception_handler.py", line 62, in wrapped_app
    raise exc
  File "/opt/bbms/web_source/web_backend/web-backend/.venv-lnx/lib/python3.8/site-packages/starlette/_exception_handler.py", line 51, in wrapped_app
    await app(scope, receive, sender)
          │   │      │        └ <function wrap_app_handling_exceptions.<locals>.wrapped_app.<locals>.sender at 0x7f755e7940>
          │   │      └ <bound method RequestResponseCycle.receive of <uvicorn.protocols.http.httptools_impl.RequestResponseCycle object at 0x7f755f3...
          │   └ {'type': 'http', 'asgi': {'version': '3.0', 'spec_version': '2.3'}, 'http_version': '1.1', 'server': ('127.0.0.1', 9099), 'cl...
          └ <function request_response.<locals>.app.<locals>.app at 0x7f755e7d30>
  File "/opt/bbms/web_source/web_backend/web-backend/.venv-lnx/lib/python3.8/site-packages/starlette/routing.py", line 73, in app
    response = await f(request)
                     │ └ <starlette.requests.Request object at 0x7f755f37c0>
                     └ <function get_request_handler.<locals>.app at 0x7f79b98670>
  File "/opt/bbms/web_source/web_backend/web-backend/.venv-lnx/lib/python3.8/site-packages/fastapi/routing.py", line 301, in app
    raw_response = await run_endpoint_function(
                         └ <function run_endpoint_function at 0x7f8db3eaf0>
  File "/opt/bbms/web_source/web_backend/web-backend/.venv-lnx/lib/python3.8/site-packages/fastapi/routing.py", line 212, in run_endpoint_function
    return await dependant.call(**values)
                 │         │      └ {'query_db': <sqlalchemy.orm.session.Session object at 0x7f771eca90>, 'device_id': 1, 'file': UploadFile(filename='devConSelf...
                 │         └ <function batch_import_point at 0x7f79eb0ee0>
                 └ Dependant(path_params=[], query_params=[ModelField(field_info=Query(PydanticUndefined), name='device_id', mode='validation')]...

  File "/opt/bbms/web_source/web_backend/web-backend/module_device/controller/device_controller.py", line 126, in batch_import_point
    batch_import_result = await ExcelService.batch_import_point_services(query_db, file, device_info.template_id, dev_dict)
                                │            │                           │         │     │           │            └ {'protocol_type': 0, 'dev_type': 0}
                                │            │                           │         │     │           └ 0
                                │            │                           │         │     └ DeviceCreateUpdateModel(id=1, sn='LOCAL001', type=0, code=1, name='Local system', protocol_type=0, template_id=0, sort_order=...
                                │            │                           │         └ UploadFile(filename='devConSelfInfoPoint.xlsx', size=15503, headers=Headers({'content-disposition': 'form-data; name="file"; ...
                                │            │                           └ <sqlalchemy.orm.session.Session object at 0x7f771eca90>
                                │            └ <staticmethod object at 0x7f7a0376a0>
                                └ <class 'module_device.service.excel_service.ExcelService'>

  File "/opt/bbms/web_source/web_backend/web-backend/module_device/service/excel_service.py", line 108, in batch_import_point_services
    df = pd.read_excel(io.BytesIO(contents))
         │  │          │  │       └ b'\xef\xbb\xbfCode,Bit Number,Default Value,Name,Ename,Endian,Min Value,Data Type,Precision,Max Value,Attribute,Ratio,Unit,Fu...
         │  │          │  └ <class '_io.BytesIO'>
         │  │          └ <module 'io' from '/usr/lib/python3.8/io.py'>
         │  └ <function read_excel at 0x7f7b25a670>
         └ <module 'pandas' from '/opt/bbms/web_source/web_backend/web-backend/.venv-lnx/lib/python3.8/site-packages/pandas/__init__.py'>

  File "/opt/bbms/web_source/web_backend/web-backend/.venv-lnx/lib/python3.8/site-packages/pandas/io/excel/_base.py", line 478, in read_excel
    io = ExcelFile(io, storage_options=storage_options, engine=engine)
         │         │                   │                       └ None
         │         │                   └ None
         │         └ <_io.BytesIO object at 0x7f755fb590>
         └ <class 'pandas.io.excel._base.ExcelFile'>
  File "/opt/bbms/web_source/web_backend/web-backend/.venv-lnx/lib/python3.8/site-packages/pandas/io/excel/_base.py", line 1500, in __init__
    raise ValueError(

ValueError: Excel file format cannot be determined, you must specify an engine manually.
