2026-03-18 13:59:45.343 | INFO     | server:lifespan:35 - RuoYi-FasAPI Starting...
2026-03-18 13:59:45.864 | INFO     | module_device.service.scu_version_service:init_web_version:30 - SCU version initialization succeeded
2026-03-18 13:59:45.866 | INFO     | server:lifespan:39 - RuoYi-FasAPI Started successfully
2026-03-18 14:00:03.219 | INFO     | server:lifespan:35 - RuoYi-FasAPI Starting...
2026-03-18 14:00:03.709 | INFO     | module_device.service.scu_version_service:init_web_version:30 - SCU version initialization succeeded
2026-03-18 14:00:03.711 | INFO     | server:lifespan:39 - RuoYi-FasAPI Started successfully
2026-03-18 14:00:31.575 | INFO     | server:lifespan:35 - RuoYi-FasAPI Starting...
2026-03-18 14:00:32.181 | INFO     | module_device.service.scu_version_service:init_web_version:30 - SCU version initialization succeeded
2026-03-18 14:00:32.182 | INFO     | server:lifespan:39 - RuoYi-FasAPI Started successfully
2026-03-18 14:01:19.165 | INFO     | server:lifespan:35 - SCU-FastAPI Starting...
2026-03-18 14:01:19.660 | INFO     | module_device.service.scu_version_service:init_web_version:30 - SCU version initialization succeeded
2026-03-18 14:01:19.662 | INFO     | server:lifespan:39 - SCU-FastAPI Started successfully
2026-03-18 16:16:30.386 | INFO     | server:lifespan:35 - SCU-FastAPI Starting...
2026-03-18 16:16:30.509 | INFO     | module_device.service.scu_version_service:init_web_version:30 - SCU version initialization succeeded
2026-03-18 16:16:30.510 | INFO     | server:lifespan:39 - SCU-FastAPI Started successfully
2026-03-18 16:19:25.309 | INFO     | module_admin.controller.login_controller:get_login_user_info:66 - 获取成功
2026-03-18 16:19:25.367 | INFO     | module_admin.controller.login_controller:get_login_user_routers:78 - 获取成功
2026-03-19 09:13:54.354 | INFO     | module_admin.controller.login_controller:logout:129 - 退出成功
2026-03-19 09:13:54.394 | INFO     | module_admin.controller.login_controller:get_login_user_info:66 - 获取成功
2026-03-19 09:13:56.248 | INFO     | module_admin.controller.login_controller:login:53 - 登录成功
2026-03-19 09:13:56.289 | INFO     | module_admin.controller.login_controller:get_login_user_info:66 - 获取成功
2026-03-19 09:13:56.310 | INFO     | module_admin.controller.login_controller:get_login_user_routers:78 - 获取成功
2026-03-19 09:28:15.949 | INFO     | module_admin.controller.login_controller:get_login_user_info:66 - 获取成功
2026-03-19 09:28:16.019 | INFO     | module_admin.controller.login_controller:get_login_user_routers:78 - 获取成功
2026-03-19 09:29:07.632 | INFO     | module_admin.controller.login_controller:get_login_user_info:66 - 获取成功
2026-03-19 09:29:07.665 | INFO     | module_admin.controller.login_controller:get_login_user_routers:78 - 获取成功
2026-03-19 09:40:41.561 | INFO     | module_admin.controller.login_controller:get_login_user_info:66 - 获取成功
2026-03-19 09:40:41.583 | INFO     | module_admin.controller.login_controller:get_login_user_routers:78 - 获取成功
2026-03-19 09:40:54.593 | INFO     | module_admin.controller.login_controller:get_login_user_info:66 - 获取成功
2026-03-19 09:40:54.792 | INFO     | module_admin.controller.login_controller:get_login_user_routers:78 - 获取成功
2026-03-19 09:45:30.442 | INFO     | module_admin.controller.login_controller:get_login_user_info:66 - 获取成功
2026-03-19 09:45:30.465 | INFO     | module_admin.controller.login_controller:get_login_user_routers:78 - 获取成功
2026-03-19 09:46:18.002 | INFO     | module_admin.controller.login_controller:get_login_user_info:66 - 获取成功
2026-03-19 09:46:18.189 | INFO     | module_admin.controller.login_controller:get_login_user_routers:78 - 获取成功
2026-03-19 09:47:55.189 | INFO     | module_admin.controller.login_controller:get_login_user_info:66 - 获取成功
2026-03-19 09:47:55.211 | INFO     | module_admin.controller.login_controller:get_login_user_routers:78 - 获取成功
2026-03-19 09:57:01.031 | INFO     | module_admin.controller.login_controller:get_login_user_info:66 - 获取成功
2026-03-19 09:57:01.049 | INFO     | module_admin.controller.login_controller:get_login_user_routers:78 - 获取成功
2026-03-19 10:15:18.227 | INFO     | module_admin.controller.login_controller:get_login_user_info:66 - 获取成功
2026-03-19 10:15:18.247 | INFO     | module_admin.controller.login_controller:get_login_user_routers:78 - 获取成功
2026-03-19 10:16:26.559 | INFO     | module_admin.controller.login_controller:get_login_user_info:66 - 获取成功
2026-03-19 10:16:26.578 | INFO     | module_admin.controller.login_controller:get_login_user_routers:78 - 获取成功
2026-03-19 10:17:27.112 | INFO     | module_admin.controller.login_controller:get_login_user_info:66 - 获取成功
2026-03-19 10:17:27.182 | INFO     | module_admin.controller.login_controller:get_login_user_routers:78 - 获取成功
2026-03-19 10:21:51.993 | INFO     | module_admin.controller.login_controller:get_login_user_info:66 - 获取成功
2026-03-19 10:21:52.009 | INFO     | module_admin.controller.login_controller:get_login_user_routers:78 - 获取成功
2026-03-19 10:22:57.942 | INFO     | module_admin.controller.login_controller:get_login_user_info:66 - 获取成功
2026-03-19 10:22:57.960 | INFO     | module_admin.controller.login_controller:get_login_user_routers:78 - 获取成功
2026-03-19 10:24:13.808 | INFO     | module_admin.controller.login_controller:get_login_user_info:66 - 获取成功
2026-03-19 10:24:13.896 | INFO     | module_admin.controller.login_controller:get_login_user_routers:78 - 获取成功
2026-03-19 10:25:06.363 | INFO     | module_admin.controller.login_controller:get_login_user_info:66 - 获取成功
2026-03-19 10:25:06.381 | INFO     | module_admin.controller.login_controller:get_login_user_routers:78 - 获取成功
2026-03-19 10:41:44.718 | INFO     | module_admin.controller.login_controller:get_login_user_info:66 - 获取成功
2026-03-19 10:41:44.737 | INFO     | module_admin.controller.login_controller:get_login_user_routers:78 - 获取成功
2026-03-19 10:59:00.149 | INFO     | module_admin.controller.login_controller:get_login_user_info:66 - 获取成功
2026-03-19 10:59:00.173 | INFO     | module_admin.controller.login_controller:get_login_user_routers:78 - 获取成功
2026-03-19 11:01:58.849 | INFO     | module_admin.controller.login_controller:get_login_user_info:66 - 获取成功
2026-03-19 11:01:58.872 | INFO     | module_admin.controller.login_controller:get_login_user_routers:78 - 获取成功
2026-03-19 11:02:05.646 | INFO     | module_admin.controller.login_controller:get_login_user_info:66 - 获取成功
2026-03-19 11:02:05.673 | INFO     | module_admin.controller.login_controller:get_login_user_routers:78 - 获取成功
2026-03-19 11:02:26.797 | INFO     | module_admin.controller.login_controller:get_login_user_info:66 - 获取成功
2026-03-19 11:02:26.990 | INFO     | module_admin.controller.login_controller:get_login_user_routers:78 - 获取成功
2026-03-19 11:11:17.115 | INFO     | module_admin.controller.login_controller:get_login_user_info:66 - 获取成功
2026-03-19 11:11:17.132 | INFO     | module_admin.controller.login_controller:get_login_user_routers:78 - 获取成功
2026-03-19 11:11:34.749 | INFO     | module_admin.controller.login_controller:get_login_user_info:66 - 获取成功
2026-03-19 11:11:34.945 | INFO     | module_admin.controller.login_controller:get_login_user_routers:78 - 获取成功
2026-03-19 11:15:03.175 | INFO     | module_admin.controller.login_controller:get_login_user_info:66 - 获取成功
2026-03-19 11:15:03.196 | INFO     | module_admin.controller.login_controller:get_login_user_routers:78 - 获取成功
2026-03-19 11:15:27.698 | INFO     | module_admin.controller.login_controller:get_login_user_info:66 - 获取成功
2026-03-19 11:15:27.899 | INFO     | module_admin.controller.login_controller:get_login_user_routers:78 - 获取成功
2026-03-19 11:17:29.108 | INFO     | module_admin.controller.login_controller:get_login_user_info:66 - 获取成功
2026-03-19 11:17:29.128 | INFO     | module_admin.controller.login_controller:get_login_user_routers:78 - 获取成功
2026-03-19 11:23:27.310 | INFO     | module_admin.controller.login_controller:get_login_user_info:66 - 获取成功
2026-03-19 11:23:27.400 | INFO     | module_admin.controller.login_controller:get_login_user_routers:78 - 获取成功
2026-03-20 09:32:12.890 | WARNING  | module_admin.service.login_service:get_current_user:225 - 用户token已失效，请重新登录
2026-03-20 09:32:12.904 | INFO     | module_admin.controller.login_controller:logout:129 - 退出成功
2026-03-20 09:32:14.535 | INFO     | module_admin.controller.login_controller:login:53 - 登录成功
2026-03-20 09:32:14.567 | INFO     | module_admin.controller.login_controller:get_login_user_info:66 - 获取成功
2026-03-20 09:32:14.587 | INFO     | module_admin.controller.login_controller:get_login_user_routers:78 - 获取成功
2026-03-20 09:32:20.003 | INFO     | module_admin.controller.login_controller:logout:129 - 退出成功
2026-03-20 09:32:21.469 | INFO     | module_admin.controller.login_controller:login:53 - 登录成功
2026-03-20 09:32:21.505 | INFO     | module_admin.controller.login_controller:get_login_user_info:66 - 获取成功
2026-03-20 09:32:21.526 | INFO     | module_admin.controller.login_controller:get_login_user_routers:78 - 获取成功
2026-03-20 09:33:58.052 | INFO     | module_admin.controller.login_controller:get_login_user_info:66 - 获取成功
2026-03-20 09:33:58.145 | INFO     | module_admin.controller.login_controller:get_login_user_routers:78 - 获取成功
2026-03-20 09:44:58.712 | INFO     | module_admin.controller.login_controller:get_login_user_info:66 - 获取成功
2026-03-20 09:44:58.738 | INFO     | module_admin.controller.login_controller:get_login_user_routers:78 - 获取成功
2026-03-20 09:58:26.037 | INFO     | module_admin.controller.login_controller:get_login_user_info:66 - 获取成功
2026-03-20 09:58:26.056 | INFO     | module_admin.controller.login_controller:get_login_user_routers:78 - 获取成功
2026-03-20 10:01:34.022 | INFO     | module_admin.controller.login_controller:get_login_user_info:66 - 获取成功
2026-03-20 10:01:34.046 | INFO     | module_admin.controller.login_controller:get_login_user_routers:78 - 获取成功
2026-03-20 10:02:12.020 | INFO     | module_admin.controller.login_controller:get_login_user_info:66 - 获取成功
2026-03-20 10:02:12.048 | INFO     | module_admin.controller.login_controller:get_login_user_routers:78 - 获取成功
2026-03-20 10:03:22.998 | INFO     | module_admin.controller.login_controller:get_login_user_info:66 - 获取成功
2026-03-20 10:03:23.093 | INFO     | module_admin.controller.login_controller:get_login_user_routers:78 - 获取成功
2026-03-20 10:10:02.227 | INFO     | module_admin.controller.login_controller:get_login_user_info:66 - 获取成功
2026-03-20 10:10:02.340 | INFO     | module_admin.controller.login_controller:get_login_user_routers:78 - 获取成功
2026-03-20 10:11:30.474 | INFO     | module_admin.controller.login_controller:get_login_user_info:66 - 获取成功
2026-03-20 10:11:30.575 | INFO     | module_admin.controller.login_controller:get_login_user_routers:78 - 获取成功
2026-03-20 10:12:44.633 | INFO     | module_admin.controller.login_controller:get_login_user_info:66 - 获取成功
2026-03-20 10:12:44.658 | INFO     | module_admin.controller.login_controller:get_login_user_routers:78 - 获取成功
2026-03-20 10:17:17.743 | INFO     | module_admin.controller.login_controller:get_login_user_info:66 - 获取成功
2026-03-20 10:17:17.810 | INFO     | module_admin.controller.login_controller:get_login_user_routers:78 - 获取成功
2026-03-20 10:26:04.180 | INFO     | module_admin.controller.login_controller:get_login_user_info:66 - 获取成功
2026-03-20 10:26:04.197 | INFO     | module_admin.controller.login_controller:get_login_user_routers:78 - 获取成功
2026-03-20 10:30:43.641 | INFO     | module_admin.controller.login_controller:get_login_user_info:66 - 获取成功
2026-03-20 10:30:43.659 | INFO     | module_admin.controller.login_controller:get_login_user_routers:78 - 获取成功
2026-03-20 10:31:34.796 | INFO     | module_admin.controller.login_controller:get_login_user_info:66 - 获取成功
2026-03-20 10:31:34.825 | INFO     | module_admin.controller.login_controller:get_login_user_routers:78 - 获取成功
2026-03-20 10:35:10.437 | INFO     | module_admin.controller.login_controller:get_login_user_info:66 - 获取成功
2026-03-20 10:35:10.465 | INFO     | module_admin.controller.login_controller:get_login_user_routers:78 - 获取成功
2026-03-20 10:42:58.660 | INFO     | module_admin.controller.login_controller:get_login_user_info:66 - 获取成功
2026-03-20 10:42:58.685 | INFO     | module_admin.controller.login_controller:get_login_user_routers:78 - 获取成功
2026-03-20 10:43:01.552 | INFO     | module_admin.controller.login_controller:get_login_user_info:66 - 获取成功
2026-03-20 10:43:01.582 | INFO     | module_admin.controller.login_controller:get_login_user_routers:78 - 获取成功
2026-03-20 10:43:06.049 | INFO     | module_admin.controller.login_controller:get_login_user_info:66 - 获取成功
2026-03-20 10:43:06.070 | INFO     | module_admin.controller.login_controller:get_login_user_routers:78 - 获取成功
2026-03-20 10:49:58.437 | INFO     | module_admin.controller.login_controller:get_login_user_info:66 - 获取成功
2026-03-20 10:49:59.193 | INFO     | module_admin.controller.login_controller:get_login_user_routers:78 - 获取成功
2026-03-20 10:51:04.588 | INFO     | module_admin.controller.login_controller:get_login_user_info:66 - 获取成功
2026-03-20 10:51:04.618 | INFO     | module_admin.controller.login_controller:get_login_user_routers:78 - 获取成功
2026-03-20 10:51:35.085 | INFO     | module_admin.controller.login_controller:get_login_user_info:66 - 获取成功
2026-03-20 10:51:35.101 | INFO     | module_admin.controller.login_controller:get_login_user_routers:78 - 获取成功
2026-03-20 10:55:52.967 | INFO     | module_admin.controller.login_controller:get_login_user_info:66 - 获取成功
2026-03-20 10:55:52.990 | INFO     | module_admin.controller.login_controller:get_login_user_routers:78 - 获取成功
2026-03-20 10:57:02.739 | INFO     | module_admin.controller.login_controller:get_login_user_info:66 - 获取成功
2026-03-20 10:57:02.781 | INFO     | module_admin.controller.login_controller:get_login_user_routers:78 - 获取成功
2026-03-20 10:57:20.211 | INFO     | module_admin.controller.login_controller:get_login_user_info:66 - 获取成功
2026-03-20 10:57:20.240 | INFO     | module_admin.controller.login_controller:get_login_user_routers:78 - 获取成功
2026-03-20 10:57:54.451 | INFO     | module_admin.controller.login_controller:get_login_user_info:66 - 获取成功
2026-03-20 10:57:54.472 | INFO     | module_admin.controller.login_controller:get_login_user_routers:78 - 获取成功
2026-03-20 10:57:58.540 | INFO     | module_admin.controller.login_controller:get_login_user_info:66 - 获取成功
2026-03-20 10:57:58.566 | INFO     | module_admin.controller.login_controller:get_login_user_routers:78 - 获取成功
2026-03-20 11:01:52.858 | INFO     | module_admin.controller.login_controller:get_login_user_info:66 - 获取成功
2026-03-20 11:01:52.898 | INFO     | module_admin.controller.login_controller:get_login_user_routers:78 - 获取成功
2026-03-20 11:03:52.999 | INFO     | module_admin.controller.login_controller:get_login_user_info:66 - 获取成功
2026-03-20 11:03:53.021 | INFO     | module_admin.controller.login_controller:get_login_user_routers:78 - 获取成功
2026-03-20 11:04:18.991 | INFO     | module_admin.controller.login_controller:get_login_user_info:66 - 获取成功
2026-03-20 11:04:19.165 | INFO     | module_admin.controller.login_controller:get_login_user_routers:78 - 获取成功
2026-03-20 11:04:34.544 | INFO     | module_admin.controller.login_controller:get_login_user_info:66 - 获取成功
2026-03-20 11:04:34.676 | INFO     | module_admin.controller.login_controller:get_login_user_routers:78 - 获取成功
2026-03-20 11:04:36.736 | INFO     | module_admin.controller.login_controller:get_login_user_info:66 - 获取成功
2026-03-20 11:04:36.756 | INFO     | module_admin.controller.login_controller:get_login_user_routers:78 - 获取成功
2026-03-20 11:04:39.629 | INFO     | module_admin.controller.login_controller:get_login_user_info:66 - 获取成功
2026-03-20 11:04:39.647 | INFO     | module_admin.controller.login_controller:get_login_user_routers:78 - 获取成功
2026-03-20 11:04:50.332 | INFO     | module_device.controller.port_controller:get_port_list:40 - 获取成功
2026-03-20 11:04:51.971 | INFO     | module_device.controller.port_controller:get_port_list:40 - 获取成功
2026-03-20 11:04:55.530 | INFO     | module_admin.controller.server_controller:get_monitor_server_info:19 - 获取成功
2026-03-20 11:23:28.547 | INFO     | module_admin.controller.login_controller:get_login_user_info:66 - 获取成功
2026-03-20 11:23:28.573 | INFO     | module_admin.controller.login_controller:get_login_user_routers:78 - 获取成功
2026-03-20 13:33:30.596 | INFO     | module_admin.controller.login_controller:get_login_user_info:66 - 获取成功
2026-03-20 13:33:30.615 | INFO     | module_admin.controller.login_controller:get_login_user_routers:78 - 获取成功
2026-03-20 13:33:47.015 | INFO     | module_admin.controller.login_controller:get_login_user_info:66 - 获取成功
2026-03-20 13:33:47.197 | INFO     | module_admin.controller.login_controller:get_login_user_routers:78 - 获取成功
2026-03-20 15:25:19.944 | INFO     | module_admin.controller.login_controller:get_login_user_info:66 - 获取成功
2026-03-20 15:25:19.974 | INFO     | module_admin.controller.login_controller:get_login_user_routers:78 - 获取成功
2026-03-20 19:25:59.462 | INFO     | module_admin.controller.login_controller:get_login_user_info:66 - 获取成功
2026-03-20 19:25:59.477 | INFO     | module_admin.controller.login_controller:get_login_user_routers:78 - 获取成功
2026-03-20 19:26:42.114 | INFO     | module_device.controller.port_controller:get_port_list:40 - 获取成功
2026-03-20 19:26:43.994 | INFO     | module_device.controller.port_controller:get_port_list:40 - 获取成功
